Archive member included because of file (symbol)

.\CortexM0\ARM_GCC_484\Debug\BLE Lab 3.a(cyfitter_cfg.o)
                              .\CortexM0\ARM_GCC_484\Debug\Cm0Start.o (cyfitter_cfg)
.\CortexM0\ARM_GCC_484\Debug\BLE Lab 3.a(SW2_Switch.o)
                              .\CortexM0\ARM_GCC_484\Debug\main.o (SW2_Switch_ClearInterrupt)
.\CortexM0\ARM_GCC_484\Debug\BLE Lab 3.a(Wakeup_ISR.o)
                              .\CortexM0\ARM_GCC_484\Debug\main.o (Wakeup_ISR_Start)
.\CortexM0\ARM_GCC_484\Debug\BLE Lab 3.a(Led_Advertising_Green.o)
                              .\CortexM0\ARM_GCC_484\Debug\main.o (Led_Advertising_Green_Write)
.\CortexM0\ARM_GCC_484\Debug\BLE Lab 3.a(Led_Connected_Blue.o)
                              .\CortexM0\ARM_GCC_484\Debug\main.o (Led_Connected_Blue_Write)
.\CortexM0\ARM_GCC_484\Debug\BLE Lab 3.a(BLE_1_hrs.o)
                              .\CortexM0\ARM_GCC_484\Debug\main.o (CyBle_HrsRegisterAttrCallback)
.\CortexM0\ARM_GCC_484\Debug\BLE Lab 3.a(BLE_1.o)
                              .\CortexM0\ARM_GCC_484\Debug\BLE Lab 3.a(BLE_1_hrs.o) (cyBle_pendingFlashWrite)
.\CortexM0\ARM_GCC_484\Debug\BLE Lab 3.a(BLE_1_gatt.o)
                              .\CortexM0\ARM_GCC_484\Debug\BleProcessing.o (cyBle_state)
.\CortexM0\ARM_GCC_484\Debug\BLE Lab 3.a(BLE_1_eventHandler.o)
                              .\CortexM0\ARM_GCC_484\Debug\BleProcessing.o (cyBle_connHandle)
.\CortexM0\ARM_GCC_484\Debug\BLE Lab 3.a(BLE_1_dis.o)
                              .\CortexM0\ARM_GCC_484\Debug\BLE Lab 3.a(BLE_1.o) (CyBle_DisInit)
.\CortexM0\ARM_GCC_484\Debug\BLE Lab 3.a(Opamp.o)
                              .\CortexM0\ARM_GCC_484\Debug\main.o (Opamp_Start)
.\CortexM0\ARM_GCC_484\Debug\BLE Lab 3.a(ADC.o)
                              .\CortexM0\ARM_GCC_484\Debug\main.o (ADC_Start)
.\CortexM0\ARM_GCC_484\Debug\BLE Lab 3.a(ADC_PM.o)
                              .\CortexM0\ARM_GCC_484\Debug\main.o (ADC_Sleep)
.\CortexM0\ARM_GCC_484\Debug\BLE Lab 3.a(ADC_INT.o)
                              .\CortexM0\ARM_GCC_484\Debug\BLE Lab 3.a(ADC.o) (ADC_ISR)
.\CortexM0\ARM_GCC_484\Debug\BLE Lab 3.a(CyBootAsmGnu.o)
                              .\CortexM0\ARM_GCC_484\Debug\BLE Lab 3.a(cyfitter_cfg.o) (CyDelayCycles)
.\CortexM0\ARM_GCC_484\Debug\BLE Lab 3.a(CyLib.o)
                              .\CortexM0\ARM_GCC_484\Debug\BLE Lab 3.a(cyfitter_cfg.o) (CyDelayUs)
.\CortexM0\ARM_GCC_484\Debug\BLE Lab 3.a(cyPm.o)
                              .\CortexM0\ARM_GCC_484\Debug\main.o (CySysPmSleep)
C:\Program Files (x86)\Cypress\PSoC Creator\3.1\PSoC Creator\psoc\content\cycomponentlibrary\CyComponentLibrary.cylib\BLE_v1_20\Library\gccCyBLEStack_BLE_SOC_PERIPHERAL.a(CyBle.o)
                              .\CortexM0\ARM_GCC_484\Debug\main.o (CyBle_EnterLPM)
C:\Program Files (x86)\Cypress\PSoC Creator\3.1\PSoC Creator\psoc\content\cycomponentlibrary\CyComponentLibrary.cylib\BLE_v1_20\Library\gccCyBLEStack_BLE_SOC_PERIPHERAL.a(CyBleStackMgrIP_Interface.o)
                              C:\Program Files (x86)\Cypress\PSoC Creator\3.1\PSoC Creator\psoc\content\cycomponentlibrary\CyComponentLibrary.cylib\BLE_v1_20\Library\gccCyBLEStack_BLE_SOC_PERIPHERAL.a(CyBle.o) (CyBleStackMgr_BleGetConfigData)
C:\Program Files (x86)\Cypress\PSoC Creator\3.1\PSoC Creator\psoc\content\cycomponentlibrary\CyComponentLibrary.cylib\BLE_v1_20\Library\gccCyBLEStack_BLE_SOC_PERIPHERAL.a(BT_os.o)
                              C:\Program Files (x86)\Cypress\PSoC Creator\3.1\PSoC Creator\psoc\content\cycomponentlibrary\CyComponentLibrary.cylib\BLE_v1_20\Library\gccCyBLEStack_BLE_SOC_PERIPHERAL.a(CyBleStackMgrIP_Interface.o) (bt_stack_init_os)
C:\Program Files (x86)\Cypress\PSoC Creator\3.1\PSoC Creator\psoc\content\cycomponentlibrary\CyComponentLibrary.cylib\BLE_v1_20\Library\gccCyBLEStack_BLE_SOC_PERIPHERAL.a(CyBleStackMgr_StackTaskHandler.o)
                              C:\Program Files (x86)\Cypress\PSoC Creator\3.1\PSoC Creator\psoc\content\cycomponentlibrary\CyComponentLibrary.cylib\BLE_v1_20\Library\gccCyBLEStack_BLE_SOC_PERIPHERAL.a(CyBleStackMgrIP_Interface.o) (CyBle_CreateBleStackTask)
C:\Program Files (x86)\Cypress\PSoC Creator\3.1\PSoC Creator\psoc\content\cycomponentlibrary\CyComponentLibrary.cylib\BLE_v1_20\Library\gccCyBLEStack_BLE_SOC_PERIPHERAL.a(transport_sf.o)
                              C:\Program Files (x86)\Cypress\PSoC Creator\3.1\PSoC Creator\psoc\content\cycomponentlibrary\CyComponentLibrary.cylib\BLE_v1_20\Library\gccCyBLEStack_BLE_SOC_PERIPHERAL.a(CyBleStackMgr_StackTaskHandler.o) (hci_soft_transport_notify_data_received)
C:\Program Files (x86)\Cypress\PSoC Creator\3.1\PSoC Creator\psoc\content\cycomponentlibrary\CyComponentLibrary.cylib\BLE_v1_20\Library\gccCyBLEStack_BLE_SOC_PERIPHERAL.a(CyBleStackMgr_PSoCHal.o)
[...]
Memory Configuration

Name             Origin             Length             Attributes
rom              0x00000000         0x00020000         xr
ram              0x20000000         0x00004000         xrw
*default*        0x00000000         0xffffffff

Linker script and memory map

LOAD c:/program files (x86)/cypress/psoc creator/3.1/psoc creator/import/gnu_cs/arm/4.8.4/bin/../lib/gcc/arm-none-eabi/4.8.4/armv6-m/crti.o
LOAD c:/program files (x86)/cypress/psoc creator/3.1/psoc creator/import/gnu_cs/arm/4.8.4/bin/../lib/gcc/arm-none-eabi/4.8.4/armv6-m/crtbegin.o
LOAD c:/program files (x86)/cypress/psoc creator/3.1/psoc creator/import/gnu_cs/arm/4.8.4/bin/../lib/gcc/arm-none-eabi/4.8.4/../../../../arm-none-eabi/lib/armv6-m/crt0.o
START GROUP
LOAD .\CortexM0\ARM_GCC_484\Debug\main.o
LOAD .\CortexM0\ARM_GCC_484\Debug\HeartRateProcessing.o
LOAD .\CortexM0\ARM_GCC_484\Debug\BleProcessing.o
LOAD .\CortexM0\ARM_GCC_484\Debug\WatchdogTimer.o
LOAD .\CortexM0\ARM_GCC_484\Debug\cymetadata.o
LOAD .\CortexM0\ARM_GCC_484\Debug\Cm0Start.o
LOAD .\CortexM0\ARM_GCC_484\Debug\BLE Lab 3.a
LOAD C:\Program Files (x86)\Cypress\PSoC Creator\3.1\PSoC Creator\psoc\content\cycomponentlibrary\CyComponentLibrary.cylib\BLE_v1_20\Library\gccCyBLEStack_BLE_SOC_PERIPHERAL.a
LOAD C:\Program Files (x86)\Cypress\PSoC Creator\3.1\PSoC Creator\psoc\content\cycomponentlibrary\CyComponentLibrary.cylib\CortexM0\ARM_GCC_484\Debug\CyComponentLibrary.a
END GROUP
START GROUP
LOAD c:/program files (x86)/cypress/psoc creator/3.1/psoc creator/import/gnu_cs/arm/4.8.4/bin/../lib/gcc/arm-none-eabi/4.8.4/armv6-m\libgcc.a
LOAD c:/program files (x86)/cypress/psoc creator/3.1/psoc creator/import/gnu_cs/arm/4.8.4/bin/../lib/gcc/arm-none-eabi/4.8.4/../../../../arm-none-eabi/lib/armv6-m\libg_s.a
LOAD c:/program files (x86)/cypress/psoc creator/3.1/psoc creator/import/gnu_cs/arm/4.8.4/bin/../lib/gcc/arm-none-eabi/4.8.4/../../../../arm-none-eabi/lib/armv6-m\libc_s.a
END GROUP
START GROUP
LOAD c:/program files (x86)/cypress/psoc creator/3.1/psoc creator/import/gnu_cs/arm/4.8.4/bin/../lib/gcc/arm-none-eabi/4.8.4/armv6-m\libgcc.a
LOAD c:/program files (x86)/cypress/psoc creator/3.1/psoc creator/import/gnu_cs/arm/4.8.4/bin/../lib/gcc/arm-none-eabi/4.8.4/../../../../arm-none-eabi/lib/armv6-m\libc_s.a
END GROUP
LOAD c:/program files (x86)/cypress/psoc creator/3.1/psoc creator/import/gnu_cs/arm/4.8.4/bin/../lib/gcc/arm-none-eabi/4.8.4/armv6-m/crtend.o
LOAD c:/program files (x86)/cypress/psoc creator/3.1/psoc creator/import/gnu_cs/arm/4.8.4/bin/../lib/gcc/arm-none-eabi/4.8.4/armv6-m/crtn.o
START GROUP
LOAD c:/program files (x86)/cypress/psoc creator/3.1/psoc creator/import/gnu_cs/arm/4.8.4/bin/../lib/gcc/arm-none-eabi/4.8.4/armv6-m\libgcc.a
LOAD c:/program files (x86)/cypress/psoc creator/3.1/psoc creator/import/gnu_cs/arm/4.8.4/bin/../lib/gcc/arm-none-eabi/4.8.4/../../../../arm-none-eabi/lib/armv6-m\libc.a
LOAD c:/program files (x86)/cypress/psoc creator/3.1/psoc creator/import/gnu_cs/arm/4.8.4/bin/../lib/gcc/arm-none-eabi/4.8.4/../../../../arm-none-eabi/lib/armv6-m\libnosys.a
END GROUP
                0x00000000                CY_APPL_ORIGIN = 0x0
                0x00000080                CY_FLASH_ROW_SIZE = 0x80
                0x00000001                CY_APPL_NUM = 0x1
                0x00000040                CY_METADATA_SIZE = 0x40
                0x20002518                PROVIDE (__cy_heap_start, _end)
                0x00000001                PROVIDE (__cy_region_num, ((__cy_regions_end - __cy_regions) / 0x10))
                0x20004000                PROVIDE (__cy_stack, (ORIGIN (ram) + 0x4000))
                0x20003c00                PROVIDE (__cy_heap_end, (__cy_stack - 0x400))

.cybootloader   0x00000000        0x0
 *(.cybootloader)
                0x00000000                appl1_start = CY_APPL_ORIGIN?CY_APPL_ORIGIN:ALIGN (CY_FLASH_ROW_SIZE)
                0x0000ff80                appl2_start = (appl1_start + ALIGN ((((0x20000 - appl1_start) - (0x2 * CY_FLASH_ROW_SIZE)) / 0x2), CY_FLASH_ROW_SIZE))
                0x00000000                appl_start = (CY_APPL_NUM == 0x1)?appl1_start:appl2_start

.text           0x00000000     0x2460
 CREATE_OBJECT_SYMBOLS
                0x00000000                PROVIDE (__cy_interrupt_vector, RomVectors)
 *(.romvectors)
 .romvectors    0x00000000       0x10 .\CortexM0\ARM_GCC_484\Debug\Cm0Start.o
                0x00000000                RomVectors
                0x00000001                ASSERT ((. != __cy_interrupt_vector), No interrupt vector)
                0x00000001                ASSERT (CY_APPL_ORIGIN?(SIZEOF (.cybootloader) <= CY_APPL_ORIGIN):0x1, Wrong image location)
                0x00000010                PROVIDE (__cy_reset, Reset)
 *(.text.Reset)
 .text.Reset    0x00000010        0x8 .\CortexM0\ARM_GCC_484\Debug\Cm0Start.o
                0x00000010                Reset
                0x00000001                ASSERT ((. != __cy_reset), No reset code)
 *(.psocinit)
 .psocinit      0x00000018      0x2e0 .\CortexM0\ARM_GCC_484\Debug\BLE Lab 3.a(cyfitter_cfg.o)
                0x00000194                cyfitter_cfg
                0x000002f8                . = MAX (., 0x100)
 *(.text .text.* .gnu.linkonce.t.*)
 .text          0x000002f8       0x60 c:/program files (x86)/cypress/psoc creator/3.1/psoc creator/import/gnu_cs/arm/4.8.4/bin/../lib/gcc/arm-none-eabi/4.8.4/armv6-m/crtbegin.o
 .text.InitializeSystem
                0x00000358       0x3c .\CortexM0\ARM_GCC_484\Debug\main.o
 .text.main     0x00000394       0xe8 .\CortexM0\ARM_GCC_484\Debug\main.o
                0x00000394                main
 .text.ProcessHeartRateSignal
                0x0000047c       0xb0 .\CortexM0\ARM_GCC_484\Debug\HeartRateProcessing.o
                0x0000047c                ProcessHeartRateSignal
 .text.SendHeartRateOverBLE
                0x0000052c       0x58 .\CortexM0\ARM_GCC_484\Debug\BleProcessing.o
                0x0000052c                SendHeartRateOverBLE
 .text.HrsEventHandler
                0x00000584       0x38 .\CortexM0\ARM_GCC_484\Debug\BleProcessing.o
                0x00000584                HrsEventHandler
 .text.GeneralEventHandler
                0x000005bc       0xac .\CortexM0\ARM_GCC_484\Debug\BleProcessing.o
                0x000005bc                GeneralEventHandler
 .text.WatchdogTimer_Isr
                0x00000668       0x20 .\CortexM0\ARM_GCC_484\Debug\WatchdogTimer.o
                0x00000668                WatchdogTimer_Isr
 .text.WatchdogTimer_Start
                0x00000688       0x48 .\CortexM0\ARM_GCC_484\Debug\WatchdogTimer.o
                0x00000688                WatchdogTimer_Start
 .text.WatchdogTimer_GetTimestamp
                0x000006d0       0x14 .\CortexM0\ARM_GCC_484\Debug\WatchdogTimer.o
                0x000006d0                WatchdogTimer_GetTimestamp
 .text.IntDefaultHandler
                0x000006e4        0x8 .\CortexM0\ARM_GCC_484\Debug\Cm0Start.o
                0x000006e4                IntDefaultHandler
 .text.Start_c  0x000006ec       0x98 .\CortexM0\ARM_GCC_484\Debug\Cm0Start.o
                0x000006ec                Start_c
 .text.initialize_psoc
                0x00000784       0x70 .\CortexM0\ARM_GCC_484\Debug\Cm0Start.o
                0x00000784                initialize_psoc
 .text.CYMEMZERO
                0x000007f4       0x20 .\CortexM0\ARM_GCC_484\Debug\BLE Lab 3.a(cyfitter_cfg.o)
 .text.cfg_write_bytes32
                0x00000814       0x80 .\CortexM0\ARM_GCC_484\Debug\BLE Lab 3.a(cyfitter_cfg.o)
 .text.AnalogSetDefault
                0x00000894       0x60 .\CortexM0\ARM_GCC_484\Debug\BLE Lab 3.a(cyfitter_cfg.o)
 .text.SetAnalogRoutingPumps
                0x000008f4       0x40 .\CortexM0\ARM_GCC_484\Debug\BLE Lab 3.a(cyfitter_cfg.o)
                0x000008f4                SetAnalogRoutingPumps
 .text.SW2_Switch_ClearInterrupt
                0x00000934       0x30 .\CortexM0\ARM_GCC_484\Debug\BLE Lab 3.a(SW2_Switch.o)
                0x00000934                SW2_Switch_ClearInterrupt
 .text.Wakeup_ISR_Start
                0x00000964       0x24 .\CortexM0\ARM_GCC_484\Debug\BLE Lab 3.a(Wakeup_ISR.o)
                0x00000964                Wakeup_ISR_Start
 .text.Wakeup_ISR_Interrupt
                0x00000988        0x8 .\CortexM0\ARM_GCC_484\Debug\BLE Lab 3.a(Wakeup_ISR.o)
                0x00000988                Wakeup_ISR_Interrupt
 .text.Wakeup_ISR_SetVector
                0x00000990       0x18 .\CortexM0\ARM_GCC_484\Debug\BLE Lab 3.a(Wakeup_ISR.o)
                0x00000990                Wakeup_ISR_SetVector
 .text.Wakeup_ISR_SetPriority
                0x000009a8       0x50 .\CortexM0\ARM_GCC_484\Debug\BLE Lab 3.a(Wakeup_ISR.o)
                0x000009a8                Wakeup_ISR_SetPriority
 .text.Wakeup_ISR_Enable
                0x000009f8       0x14 .\CortexM0\ARM_GCC_484\Debug\BLE Lab 3.a(Wakeup_ISR.o)
                0x000009f8                Wakeup_ISR_Enable
 .text.Wakeup_ISR_Disable
                0x00000a0c       0x14 .\CortexM0\ARM_GCC_484\Debug\BLE Lab 3.a(Wakeup_ISR.o)
                0x00000a0c                Wakeup_ISR_Disable
 .text.Led_Advertising_Green_Write
                0x00000a20       0x4c .\CortexM0\ARM_GCC_484\Debug\BLE Lab 3.a(Led_Advertising_Green.o)
                0x00000a20                Led_Advertising_Green_Write
 .text.Led_Advertising_Green_SetDriveMode
                0x00000a6c       0x30 .\CortexM0\ARM_GCC_484\Debug\BLE Lab 3.a(Led_Advertising_Green.o)
                0x00000a6c                Led_Advertising_Green_SetDriveMode
 .text.Led_Connected_Blue_Write
                0x00000a9c       0x48 .\CortexM0\ARM_GCC_484\Debug\BLE Lab 3.a(Led_Connected_Blue.o)
                0x00000a9c                Led_Connected_Blue_Write
 .text.Led_Connected_Blue_SetDriveMode
                0x00000ae4       0x30 .\CortexM0\ARM_GCC_484\Debug\BLE Lab 3.a(Led_Connected_Blue.o)
                0x00000ae4                Led_Connected_Blue_SetDriveMode
 .text.CyBle_HrsInit
                0x00000b14        0x8 .\CortexM0\ARM_GCC_484\Debug\BLE Lab 3.a(BLE_1_hrs.o)
                0x00000b14                CyBle_HrsInit
 .text.CyBle_HrsRegisterAttrCallback
                0x00000b1c       0x18 .\CortexM0\ARM_GCC_484\Debug\BLE Lab 3.a(BLE_1_hrs.o)
                0x00000b1c                CyBle_HrsRegisterAttrCallback
 .text.CyBle_HrssGetCharacteristicValue
                0x00000b34       0x9c .\CortexM0\ARM_GCC_484\Debug\BLE Lab 3.a(BLE_1_hrs.o)
                0x00000b34                CyBle_HrssGetCharacteristicValue
 .text.CyBle_HrssSendNotification
                0x00000bd0       0xd8 .\CortexM0\ARM_GCC_484\Debug\BLE Lab 3.a(BLE_1_hrs.o)
                0x00000bd0                CyBle_HrssSendNotification
 .text.CyBle_HrssWriteEventHandler
                0x00000ca8      0x128 .\CortexM0\ARM_GCC_484\Debug\BLE Lab 3.a(BLE_1_hrs.o)
                0x00000ca8                CyBle_HrssWriteEventHandler
 .text.CyBle_Init
                0x00000dd0       0x34 .\CortexM0\ARM_GCC_484\Debug\BLE Lab 3.a(BLE_1.o)
                0x00000dd0                CyBle_Init
 .text.CyBle_ServiceInit
                0x00000e04       0x10 .\CortexM0\ARM_GCC_484\Debug\BLE Lab 3.a(BLE_1.o)
                0x00000e04                CyBle_ServiceInit
 .text.CyBle_Start
                0x00000e14       0x90 .\CortexM0\ARM_GCC_484\Debug\BLE Lab 3.a(BLE_1.o)
                0x00000e14                CyBle_Start
 .text.CyBle_Stop
                0x00000ea4       0x1c .\CortexM0\ARM_GCC_484\Debug\BLE Lab 3.a(BLE_1.o)
                0x00000ea4                CyBle_Stop
 .text.CyBle_GappStartAdvertisement
                0x00000ec0       0xc4 .\CortexM0\ARM_GCC_484\Debug\BLE Lab 3.a(BLE_1.o)
                0x00000ec0                CyBle_GappStartAdvertisement
 .text.CyBle_ChangeAdDeviceAddress
                0x00000f84       0x60 .\CortexM0\ARM_GCC_484\Debug\BLE Lab 3.a(BLE_1.o)
                0x00000f84                CyBle_ChangeAdDeviceAddress
 .text.CyBle_Get16ByPtr
                0x00000fe4       0x24 .\CortexM0\ARM_GCC_484\Debug\BLE Lab 3.a(BLE_1.o)
                0x00000fe4                CyBle_Get16ByPtr
 .text.CyBle_GattsWriteEventHandler
                0x00001008       0xa0 .\CortexM0\ARM_GCC_484\Debug\BLE Lab 3.a(BLE_1_gatt.o)
                0x00001008                CyBle_GattsWriteEventHandler
 .text.CyBle_WriteReqHandler
                0x000010a8       0x98 .\CortexM0\ARM_GCC_484\Debug\BLE Lab 3.a(BLE_1_eventHandler.o)
 .text.CyBle_ValueConfirmation
                0x00001140       0x10 .\CortexM0\ARM_GCC_484\Debug\BLE Lab 3.a(BLE_1_eventHandler.o)
 .text.CyBle_GattDisconnectEventHandler
                0x00001150       0x18 .\CortexM0\ARM_GCC_484\Debug\BLE Lab 3.a(BLE_1_eventHandler.o)
 .text.CyBle_TimeOutEventHandler
                0x00001168       0x10 .\CortexM0\ARM_GCC_484\Debug\BLE Lab 3.a(BLE_1_eventHandler.o)
 .text.CyBle_GattConnectReqHandler
                0x00001178        0x8 .\CortexM0\ARM_GCC_484\Debug\BLE Lab 3.a(BLE_1_eventHandler.o)
 .text.CyBle_IsDeviceAddressValid
                0x00001180       0x60 .\CortexM0\ARM_GCC_484\Debug\BLE Lab 3.a(BLE_1_eventHandler.o)
 .text.CyBle_L2Cap_ConnParamUpdateRspEventHandler
                0x000011e0       0x14 .\CortexM0\ARM_GCC_484\Debug\BLE Lab 3.a(BLE_1_eventHandler.o)
 .text.CyBle_GapConnUpdateCompleteEventHandler
                0x000011f4       0x10 .\CortexM0\ARM_GCC_484\Debug\BLE Lab 3.a(BLE_1_eventHandler.o)
 .text.CyBle_EventHandler
                0x00001204      0x32c .\CortexM0\ARM_GCC_484\Debug\BLE Lab 3.a(BLE_1_eventHandler.o)
                0x00001204                CyBle_EventHandler
 .text.CyBle_DisInit
                0x00001530        0x8 .\CortexM0\ARM_GCC_484\Debug\BLE Lab 3.a(BLE_1_dis.o)
                0x00001530                CyBle_DisInit
 .text.Opamp_Init
                0x00001538       0x34 .\CortexM0\ARM_GCC_484\Debug\BLE Lab 3.a(Opamp.o)
                0x00001538                Opamp_Init
 .text.Opamp_Enable
                0x0000156c       0x24 .\CortexM0\ARM_GCC_484\Debug\BLE Lab 3.a(Opamp.o)
                0x0000156c                Opamp_Enable
 .text.Opamp_Start
                0x00001590       0x24 .\CortexM0\ARM_GCC_484\Debug\BLE Lab 3.a(Opamp.o)
                0x00001590                Opamp_Start
 .text.ADC_Start
                0x000015b4       0x24 .\CortexM0\ARM_GCC_484\Debug\BLE Lab 3.a(ADC.o)
                0x000015b4                ADC_Start
 .text.ADC_Init
                0x000015d8      0x1c4 .\CortexM0\ARM_GCC_484\Debug\BLE Lab 3.a(ADC.o)
                0x000015d8                ADC_Init
 .text.ADC_Enable
                0x0000179c       0x38 .\CortexM0\ARM_GCC_484\Debug\BLE Lab 3.a(ADC.o)
                0x0000179c                ADC_Enable
 .text.ADC_Stop
                0x000017d4       0x18 .\CortexM0\ARM_GCC_484\Debug\BLE Lab 3.a(ADC.o)
                0x000017d4                ADC_Stop
 .text.ADC_StartConvert
                0x000017ec       0x14 .\CortexM0\ARM_GCC_484\Debug\BLE Lab 3.a(ADC.o)
                0x000017ec                ADC_StartConvert
 .text.ADC_StopConvert
                0x00001800        0x8 .\CortexM0\ARM_GCC_484\Debug\BLE Lab 3.a(ADC.o)
                0x00001800                ADC_StopConvert
 .text.ADC_IsEndConversion
                0x00001808       0x48 .\CortexM0\ARM_GCC_484\Debug\BLE Lab 3.a(ADC.o)
                0x00001808                ADC_IsEndConversion
 .text.ADC_GetResult16
                0x00001850       0x44 .\CortexM0\ARM_GCC_484\Debug\BLE Lab 3.a(ADC.o)
                0x00001850                ADC_GetResult16
 .text.ADC_Sleep
                0x00001894       0x84 .\CortexM0\ARM_GCC_484\Debug\BLE Lab 3.a(ADC_PM.o)
                0x00001894                ADC_Sleep
 .text.ADC_Wakeup
                0x00001918       0x58 .\CortexM0\ARM_GCC_484\Debug\BLE Lab 3.a(ADC_PM.o)
                0x00001918                ADC_Wakeup
 .text.ADC_ISR  0x00001970       0x1c .\CortexM0\ARM_GCC_484\Debug\BLE Lab 3.a(ADC_INT.o)
                0x00001970                ADC_ISR
 *fill*         0x0000198c        0x4 
 .text          0x00001990       0x20 .\CortexM0\ARM_GCC_484\Debug\BLE Lab 3.a(CyBootAsmGnu.o)
                0x00001990                CyDelayCycles
                0x000019a2                CyEnterCriticalSection
                0x000019aa                CyExitCriticalSection
 .text.CySysClkWcoSetHighPowerMode
                0x000019b0       0x3c .\CortexM0\ARM_GCC_484\Debug\BLE Lab 3.a(CyLib.o)
 .text.CySysClkWcoSetLowPowerMode
                0x000019ec       0x48 .\CortexM0\ARM_GCC_484\Debug\BLE Lab 3.a(CyLib.o)
 .text.CySysClkWriteSysclkDiv
                0x00001a34       0x44 .\CortexM0\ARM_GCC_484\Debug\BLE Lab 3.a(CyLib.o)
                0x00001a34                CySysClkWriteSysclkDiv
 .text.CySysClkEcoStart
                0x00001a78       0x74 .\CortexM0\ARM_GCC_484\Debug\BLE Lab 3.a(CyLib.o)
                0x00001a78                CySysClkEcoStart
 .text.CySysClkEcoReadStatus
                0x00001aec       0x18 .\CortexM0\ARM_GCC_484\Debug\BLE Lab 3.a(CyLib.o)
                0x00001aec                CySysClkEcoReadStatus
 .text.CySysClkWcoStart
                0x00001b04       0x20 .\CortexM0\ARM_GCC_484\Debug\BLE Lab 3.a(CyLib.o)
                0x00001b04                CySysClkWcoStart
 .text.CySysClkWcoSetPowerMode
                0x00001b24       0x40 .\CortexM0\ARM_GCC_484\Debug\BLE Lab 3.a(CyLib.o)
                0x00001b24                CySysClkWcoSetPowerMode
 .text.CySysWdtLock
                0x00001b64       0x34 .\CortexM0\ARM_GCC_484\Debug\BLE Lab 3.a(CyLib.o)
                0x00001b64                CySysWdtLock
 .text.CySysWdtLocked
                0x00001b98       0x20 .\CortexM0\ARM_GCC_484\Debug\BLE Lab 3.a(CyLib.o)
 .text.CySysWdtUnlock
                0x00001bb8       0x4c .\CortexM0\ARM_GCC_484\Debug\BLE Lab 3.a(CyLib.o)
                0x00001bb8                CySysWdtUnlock
 .text.CySysWdtReadEnabledStatus
                0x00001c04       0x30 .\CortexM0\ARM_GCC_484\Debug\BLE Lab 3.a(CyLib.o)
                0x00001c04                CySysWdtReadEnabledStatus
 .text.CySysWdtWriteMode
                0x00001c34       0x60 .\CortexM0\ARM_GCC_484\Debug\BLE Lab 3.a(CyLib.o)
                0x00001c34                CySysWdtWriteMode
 .text.CySysWdtWriteClearOnMatch
                0x00001c94       0x70 .\CortexM0\ARM_GCC_484\Debug\BLE Lab 3.a(CyLib.o)
                0x00001c94                CySysWdtWriteClearOnMatch
 .text.CySysWdtEnable
                0x00001d04       0x64 .\CortexM0\ARM_GCC_484\Debug\BLE Lab 3.a(CyLib.o)
                0x00001d04                CySysWdtEnable
 .text.CySysWdtWriteMatch
                0x00001d68       0x90 .\CortexM0\ARM_GCC_484\Debug\BLE Lab 3.a(CyLib.o)
                0x00001d68                CySysWdtWriteMatch
 .text.CySysWdtClearInterrupt
                0x00001df8       0x6c .\CortexM0\ARM_GCC_484\Debug\BLE Lab 3.a(CyLib.o)
                0x00001df8                CySysWdtClearInterrupt
 .text.CyIntSetVector
                0x00001e64       0x4c .\CortexM0\ARM_GCC_484\Debug\BLE Lab 3.a(CyLib.o)
                0x00001e64                CyIntSetVector
 .text.CyIntSetPriority
                0x00001eb0       0xa8 .\CortexM0\ARM_GCC_484\Debug\BLE Lab 3.a(CyLib.o)
                0x00001eb0                CyIntSetPriority
 .text.CyIntEnable
                0x00001f58       0x2c .\CortexM0\ARM_GCC_484\Debug\BLE Lab 3.a(CyLib.o)
                0x00001f58                CyIntEnable
 .text.CyHalt   0x00001f84       0x14 .\CortexM0\ARM_GCC_484\Debug\BLE Lab 3.a(CyLib.o)
                0x00001f84                CyHalt
 .text.CyDelay  0x00001f98       0x48 .\CortexM0\ARM_GCC_484\Debug\BLE Lab 3.a(CyLib.o)
                0x00001f98                CyDelay
 .text.CyDelayUs
                0x00001fe0       0x28 .\CortexM0\ARM_GCC_484\Debug\BLE Lab 3.a(CyLib.o)
                0x00001fe0                CyDelayUs
 .text.CySysPmSleep
                0x00002008       0x34 .\CortexM0\ARM_GCC_484\Debug\BLE Lab 3.a(cyPm.o)
                0x00002008                CySysPmSleep
 .text.CySysPmDeepSleep
                0x0000203c       0x6c .\CortexM0\ARM_GCC_484\Debug\BLE Lab 3.a(cyPm.o)
                0x0000203c                CySysPmDeepSleep
 .text.CySysPmHibernate
                0x000020a8       0x6c .\CortexM0\ARM_GCC_484\Debug\BLE Lab 3.a(cyPm.o)
                0x000020a8                CySysPmHibernate
 .text.CyBLE_Bless_LlRegWrite
                0x00002114       0x1c .\CortexM0\ARM_GCC_484\Debug\BLE Lab 3.a(BLE_1_HAL_PVT.o)
                0x00002114                CyBLE_Bless_LlRegWrite
 .text.CyBLE_Bless_RfRegWrite
                0x00002130       0x1c .\CortexM0\ARM_GCC_484\Debug\BLE Lab 3.a(BLE_1_HAL_PVT.o)
                0x00002130                CyBLE_Bless_RfRegWrite
 .text.CyBleHal_DelayUs
                0x0000214c       0x1c .\CortexM0\ARM_GCC_484\Debug\BLE Lab 3.a(BLE_1_HAL_PVT.o)
                0x0000214c                CyBleHal_DelayUs
 .text.CyBleHal_EnableGlobalInterrupts
                0x00002168        0xc .\CortexM0\ARM_GCC_484\Debug\BLE Lab 3.a(BLE_1_HAL_PVT.o)
                0x00002168                CyBleHal_EnableGlobalInterrupts
 .text.CyBleHal_DisableGlobalInterrupts
                0x00002174        0xc .\CortexM0\ARM_GCC_484\Debug\BLE Lab 3.a(BLE_1_HAL_PVT.o)
                0x00002174                CyBleHal_DisableGlobalInterrupts
 .text.CyBle_HalInit
                0x00002180       0x20 .\CortexM0\ARM_GCC_484\Debug\BLE Lab 3.a(BLE_1_HAL_PVT.o)
                0x00002180                CyBle_HalInit
 .text.CYBLE_BlessStart
                0x000021a0       0x14 .\CortexM0\ARM_GCC_484\Debug\BLE Lab 3.a(BLE_1_HAL_PVT.o)
                0x000021a0                CYBLE_BlessStart
 .text.BLE_1_bless_isr_StartEx
                0x000021b4       0x24 .\CortexM0\ARM_GCC_484\Debug\BLE Lab 3.a(BLE_1_bless_isr.o)
                0x000021b4                BLE_1_bless_isr_StartEx
 .text.BLE_1_bless_isr_SetVector
                0x000021d8       0x18 .\CortexM0\ARM_GCC_484\Debug\BLE Lab 3.a(BLE_1_bless_isr.o)
                0x000021d8                BLE_1_bless_isr_SetVector
 .text.BLE_1_bless_isr_SetPriority
                0x000021f0       0x50 .\CortexM0\ARM_GCC_484\Debug\BLE Lab 3.a(BLE_1_bless_isr.o)
                0x000021f0                BLE_1_bless_isr_SetPriority
 .text.BLE_1_bless_isr_Enable
                0x00002240       0x14 .\CortexM0\ARM_GCC_484\Debug\BLE Lab 3.a(BLE_1_bless_isr.o)
                0x00002240                BLE_1_bless_isr_Enable
 .text.BLE_1_bless_isr_Disable
                0x00002254       0x14 .\CortexM0\ARM_GCC_484\Debug\BLE Lab 3.a(BLE_1_bless_isr.o)
                0x00002254                BLE_1_bless_isr_Disable
 .text.CyBLE_Bless_Interrupt
                0x00002268        0xc .\CortexM0\ARM_GCC_484\Debug\BLE Lab 3.a(BLE_1_HAL_INT.o)
                0x00002268                CyBLE_Bless_Interrupt
 .text          0x00002274       0x9c c:/program files (x86)/cypress/psoc creator/3.1/psoc creator/import/gnu_cs/arm/4.8.4/bin/../lib/gcc/arm-none-eabi/4.8.4/armv6-m\libgcc.a(_udivsi3.o)
                0x00002274                __aeabi_uidiv
                0x00002274                __udivsi3
                0x000022fc                __aeabi_uidivmod
 .text          0x00002310       0xc0 c:/program files (x86)/cypress/psoc creator/3.1/psoc creator/import/gnu_cs/arm/4.8.4/bin/../lib/gcc/arm-none-eabi/4.8.4/armv6-m\libgcc.a(_divsi3.o)
                0x00002310                __divsi3
                0x00002310                __aeabi_idiv
                0x000023bc                __aeabi_idivmod
 .text          0x000023d0        0x4 c:/program files (x86)/cypress/psoc creator/3.1/psoc creator/import/gnu_cs/arm/4.8.4/bin/../lib/gcc/arm-none-eabi/4.8.4/armv6-m\libgcc.a(_dvmd_tls.o)
                0x000023d0                __aeabi_idiv0
                0x000023d0                __aeabi_ldiv0
 .text.__libc_init_array
                0x000023d4       0x4c c:/program files (x86)/cypress/psoc creator/3.1/psoc creator/import/gnu_cs/arm/4.8.4/bin/../lib/gcc/arm-none-eabi/4.8.4/../../../../arm-none-eabi/lib/armv6-m\libg_s.a(lib_a-init.o)
                0x000023d4                __libc_init_array
 .text.memcmp   0x00002420       0x1e c:/program files (x86)/cypress/psoc creator/3.1/psoc creator/import/gnu_cs/arm/4.8.4/bin/../lib/gcc/arm-none-eabi/4.8.4/../../../../arm-none-eabi/lib/armv6-m\libg_s.a(lib_a-memcmp.o)
                0x00002420                memcmp
 .text.memcpy   0x0000243e       0x12 c:/program files (x86)/cypress/psoc creator/3.1/psoc creator/import/gnu_cs/arm/4.8.4/bin/../lib/gcc/arm-none-eabi/4.8.4/../../../../arm-none-eabi/lib/armv6-m\libg_s.a(lib_a-memcpy-stub.o)
                0x0000243e                memcpy
 .text.memset   0x00002450       0x10 c:/program files (x86)/cypress/psoc creator/3.1/psoc creator/import/gnu_cs/arm/4.8.4/bin/../lib/gcc/arm-none-eabi/4.8.4/../../../../arm-none-eabi/lib/armv6-m\libg_s.a(lib_a-memset.o)
                0x00002450                memset
 *(.plt)
 *(.gnu.warning)
 *(.glue_7t)
 .glue_7t       0x00000000        0x0 linker stubs
 *(.glue_7)
 .glue_7        0x00000000        0x0 linker stubs
 *(.vfp11_veneer)
 .vfp11_veneer  0x00000000        0x0 linker stubs
 *(.bootloader)
 *(.ARM.extab* .gnu.linkonce.armextab.*)
 *(.gcc_except_table)

.v4_bx          0x00002460        0x0
 .v4_bx         0x00000000        0x0 linker stubs

.iplt           0x00002460        0x0
 .iplt          0x00000000        0x0 c:/program files (x86)/cypress/psoc creator/3.1/psoc creator/import/gnu_cs/arm/4.8.4/bin/../lib/gcc/arm-none-eabi/4.8.4/armv6-m/crtbegin.o

i.CyBle_EnterLPM
                0x00002460        0x8
 i.CyBle_EnterLPM
                0x00002460        0x8 C:\Program Files (x86)\Cypress\PSoC Creator\3.1\PSoC Creator\psoc\content\cycomponentlibrary\CyComponentLibrary.cylib\BLE_v1_20\Library\gccCyBLEStack_BLE_SOC_PERIPHERAL.a(CyBle.o)
                0x00002460                CyBle_EnterLPM

i.CyBle_ExitLPM
                0x00002468        0x8
 i.CyBle_ExitLPM
                0x00002468        0x8 C:\Program Files (x86)\Cypress\PSoC Creator\3.1\PSoC Creator\psoc\content\cycomponentlibrary\CyComponentLibrary.cylib\BLE_v1_20\Library\gccCyBLEStack_BLE_SOC_PERIPHERAL.a(CyBle.o)
                0x00002468                CyBle_ExitLPM

i.CyBle_ProcessEvents
                0x00002470        0x8
 i.CyBle_ProcessEvents
                0x00002470        0x8 C:\Program Files (x86)\Cypress\PSoC Creator\3.1\PSoC Creator\psoc\content\cycomponentlibrary\CyComponentLibrary.cylib\BLE_v1_20\Library\gccCyBLEStack_BLE_SOC_PERIPHERAL.a(CyBle.o)
                0x00002470                CyBle_ProcessEvents

i.CyBle_SetDeviceAddress
                0x00002478       0x24
 i.CyBle_SetDeviceAddress
                0x00002478       0x24 C:\Program Files (x86)\Cypress\PSoC Creator\3.1\PSoC Creator\psoc\content\cycomponentlibrary\CyComponentLibrary.cylib\BLE_v1_20\Library\gccCyBLEStack_BLE_SOC_PERIPHERAL.a(CyBle.o)
                0x00002478                CyBle_SetDeviceAddress

i.CyBle_Shutdown
                0x0000249c       0x28
 i.CyBle_Shutdown
                0x0000249c       0x28 C:\Program Files (x86)\Cypress\PSoC Creator\3.1\PSoC Creator\psoc\content\cycomponentlibrary\CyComponentLibrary.cylib\BLE_v1_20\Library\gccCyBLEStack_BLE_SOC_PERIPHERAL.a(CyBle.o)
                0x0000249c                CyBle_Shutdown

i.CyBle_StackInit
                0x000024c4       0x84
 i.CyBle_StackInit
                0x000024c4       0x84 C:\Program Files (x86)\Cypress\PSoC Creator\3.1\PSoC Creator\psoc\content\cycomponentlibrary\CyComponentLibrary.cylib\BLE_v1_20\Library\gccCyBLEStack_BLE_SOC_PERIPHERAL.a(CyBle.o)
                0x000024c4                CyBle_StackInit

i.CyBleStackMgr_BleGetConfigData
                0x00002548        0x4
 i.CyBleStackMgr_BleGetConfigData
                0x00002548        0x4 C:\Program Files (x86)\Cypress\PSoC Creator\3.1\PSoC Creator\psoc\content\cycomponentlibrary\CyComponentLibrary.cylib\BLE_v1_20\Library\gccCyBLEStack_BLE_SOC_PERIPHERAL.a(CyBleStackMgrIP_Interface.o)
                0x00002548                CyBleStackMgr_BleGetConfigData

i.CyBleStackMgr_BleSetConfigData
                0x0000254c        0x4
 i.CyBleStackMgr_BleSetConfigData
                0x0000254c        0x4 C:\Program Files (x86)\Cypress\PSoC Creator\3.1\PSoC Creator\psoc\content\cycomponentlibrary\CyComponentLibrary.cylib\BLE_v1_20\Library\gccCyBLEStack_BLE_SOC_PERIPHERAL.a(CyBleStackMgrIP_Interface.o)
                0x0000254c                CyBleStackMgr_BleSetConfigData

i.CyBleStackMgr_Init
                0x00002550      0x104
 i.CyBleStackMgr_Init
                0x00002550      0x104 C:\Program Files (x86)\Cypress\PSoC Creator\3.1\PSoC Creator\psoc\content\cycomponentlibrary\CyComponentLibrary.cylib\BLE_v1_20\Library\gccCyBLEStack_BLE_SOC_PERIPHERAL.a(CyBleStackMgrIP_Interface.o)
                0x00002550                CyBleStackMgr_Init

i.CyBleStackMgr_ProcessBleEvents
                0x00002654       0x14
 i.CyBleStackMgr_ProcessBleEvents
                0x00002654       0x14 C:\Program Files (x86)\Cypress\PSoC Creator\3.1\PSoC Creator\psoc\content\cycomponentlibrary\CyComponentLibrary.cylib\BLE_v1_20\Library\gccCyBLEStack_BLE_SOC_PERIPHERAL.a(CyBleStackMgrIP_Interface.o)
                0x00002654                CyBleStackMgr_ProcessBleEvents

i.CyBleStackMgr_Reset
                0x00002668       0x16
 i.CyBleStackMgr_Reset
                0x00002668       0x16 C:\Program Files (x86)\Cypress\PSoC Creator\3.1\PSoC Creator\psoc\content\cycomponentlibrary\CyComponentLibrary.cylib\BLE_v1_20\Library\gccCyBLEStack_BLE_SOC_PERIPHERAL.a(CyBleStackMgrIP_Interface.o)
                0x00002668                CyBleStackMgr_Reset

i.CyBleStackMgr_Shutdown
                0x00002680       0x18
 i.CyBleStackMgr_Shutdown
                0x00002680       0x18 C:\Program Files (x86)\Cypress\PSoC Creator\3.1\PSoC Creator\psoc\content\cycomponentlibrary\CyComponentLibrary.cylib\BLE_v1_20\Library\gccCyBLEStack_BLE_SOC_PERIPHERAL.a(CyBleStackMgrIP_Interface.o)
                0x00002680                CyBleStackMgr_Shutdown

i.ble_stack_idle_task_callback
                0x00002698        0x2
 i.ble_stack_idle_task_callback
                0x00002698        0x2 C:\Program Files (x86)\Cypress\PSoC Creator\3.1\PSoC Creator\psoc\content\cycomponentlibrary\CyComponentLibrary.cylib\BLE_v1_20\Library\gccCyBLEStack_BLE_SOC_PERIPHERAL.a(CyBleStackMgrIP_Interface.o)
                0x00002698                ble_stack_idle_task_callback

i.BT_OSFreeBuf  0x0000269c       0x18
 i.BT_OSFreeBuf
                0x0000269c       0x18 C:\Program Files (x86)\Cypress\PSoC Creator\3.1\PSoC Creator\psoc\content\cycomponentlibrary\CyComponentLibrary.cylib\BLE_v1_20\Library\gccCyBLEStack_BLE_SOC_PERIPHERAL.a(BT_os.o)
                0x0000269c                BT_OSFreeBuf

i.BT_OSGetBuF   0x000026b4       0x1c
 i.BT_OSGetBuF  0x000026b4       0x1c C:\Program Files (x86)\Cypress\PSoC Creator\3.1\PSoC Creator\psoc\content\cycomponentlibrary\CyComponentLibrary.cylib\BLE_v1_20\Library\gccCyBLEStack_BLE_SOC_PERIPHERAL.a(BT_os.o)
                0x000026b4                BT_OSGetBuF

i.BT_OSMemCreate
                0x000026d0       0x1c
 i.BT_OSMemCreate
                0x000026d0       0x1c C:\Program Files (x86)\Cypress\PSoC Creator\3.1\PSoC Creator\psoc\content\cycomponentlibrary\CyComponentLibrary.cylib\BLE_v1_20\Library\gccCyBLEStack_BLE_SOC_PERIPHERAL.a(BT_os.o)
                0x000026d0                BT_OSMemCreate

i.BT_alloc_mem_ext
                0x000026ec       0x34
 i.BT_alloc_mem_ext
                0x000026ec       0x34 C:\Program Files (x86)\Cypress\PSoC Creator\3.1\PSoC Creator\psoc\content\cycomponentlibrary\CyComponentLibrary.cylib\BLE_v1_20\Library\gccCyBLEStack_BLE_SOC_PERIPHERAL.a(BT_os.o)
                0x000026ec                BT_alloc_mem_ext

i.BT_free_mem   0x00002720        0xc
 i.BT_free_mem  0x00002720        0xc C:\Program Files (x86)\Cypress\PSoC Creator\3.1\PSoC Creator\psoc\content\cycomponentlibrary\CyComponentLibrary.cylib\BLE_v1_20\Library\gccCyBLEStack_BLE_SOC_PERIPHERAL.a(BT_os.o)
                0x00002720                BT_free_mem

i.bt_stack_init_os
                0x0000272c       0x34
 i.bt_stack_init_os
                0x0000272c       0x34 C:\Program Files (x86)\Cypress\PSoC Creator\3.1\PSoC Creator\psoc\content\cycomponentlibrary\CyComponentLibrary.cylib\BLE_v1_20\Library\gccCyBLEStack_BLE_SOC_PERIPHERAL.a(BT_os.o)
                0x0000272c                bt_stack_init_os

i.CyBle_CheckBleStackTaskStatus
                0x00002760        0x4
 i.CyBle_CheckBleStackTaskStatus
                0x00002760        0x4 C:\Program Files (x86)\Cypress\PSoC Creator\3.1\PSoC Creator\psoc\content\cycomponentlibrary\CyComponentLibrary.cylib\BLE_v1_20\Library\gccCyBLEStack_BLE_SOC_PERIPHERAL.a(CyBleStackMgr_StackTaskHandler.o)
                0x00002760                CyBle_CheckBleStackTaskStatus

i.CyBle_CreateBleStackTask
                0x00002764       0x2c
 i.CyBle_CreateBleStackTask
                0x00002764       0x2c C:\Program Files (x86)\Cypress\PSoC Creator\3.1\PSoC Creator\psoc\content\cycomponentlibrary\CyComponentLibrary.cylib\BLE_v1_20\Library\gccCyBLEStack_BLE_SOC_PERIPHERAL.a(CyBleStackMgr_StackTaskHandler.o)
                0x00002764                CyBle_CreateBleStackTask

i.CyBle_SignalBleStackTask
                0x00002790       0x50
 i.CyBle_SignalBleStackTask
                0x00002790       0x50 C:\Program Files (x86)\Cypress\PSoC Creator\3.1\PSoC Creator\psoc\content\cycomponentlibrary\CyComponentLibrary.cylib\BLE_v1_20\Library\gccCyBLEStack_BLE_SOC_PERIPHERAL.a(CyBleStackMgr_StackTaskHandler.o)
                0x00002790                CyBle_SignalBleStackTask

i.CyBle_StackTaskHandler
                0x000027e0       0x5c
 i.CyBle_StackTaskHandler
                0x000027e0       0x5c C:\Program Files (x86)\Cypress\PSoC Creator\3.1\PSoC Creator\psoc\content\cycomponentlibrary\CyComponentLibrary.cylib\BLE_v1_20\Library\gccCyBLEStack_BLE_SOC_PERIPHERAL.a(CyBleStackMgr_StackTaskHandler.o)
                0x000027e0                CyBle_StackTaskHandler

i.__ARM_common_switch8
                0x0000283c       0x1a
 i.__ARM_common_switch8
                0x0000283c       0x1a C:\Program Files (x86)\Cypress\PSoC Creator\3.1\PSoC Creator\psoc\content\cycomponentlibrary\CyComponentLibrary.cylib\BLE_v1_20\Library\gccCyBLEStack_BLE_SOC_PERIPHERAL.a(CyBleStackMgr_StackTaskHandler.o)
                0x0000283c                __ARM_common_switch8

i.hci_soft_transport_notify_data_received
                0x00002858        0xc
 i.hci_soft_transport_notify_data_received
                0x00002858        0xc C:\Program Files (x86)\Cypress\PSoC Creator\3.1\PSoC Creator\psoc\content\cycomponentlibrary\CyComponentLibrary.cylib\BLE_v1_20\Library\gccCyBLEStack_BLE_SOC_PERIPHERAL.a(transport_sf.o)
                0x00002858                hci_soft_transport_notify_data_received

i.hci_soft_transport_rx_data
                0x00002864       0x40
 i.hci_soft_transport_rx_data
                0x00002864       0x40 C:\Program Files (x86)\Cypress\PSoC Creator\3.1\PSoC Creator\psoc\content\cycomponentlibrary\CyComponentLibrary.cylib\BLE_v1_20\Library\gccCyBLEStack_BLE_SOC_PERIPHERAL.a(transport_sf.o)
                0x00002864                hci_soft_transport_rx_data

i.hci_transport_bt_init
                0x000028a4        0x2
 i.hci_transport_bt_init
                0x000028a4        0x2 C:\Program Files (x86)\Cypress\PSoC Creator\3.1\PSoC Creator\psoc\content\cycomponentlibrary\CyComponentLibrary.cylib\BLE_v1_20\Library\gccCyBLEStack_BLE_SOC_PERIPHERAL.a(transport_sf.o)
                0x000028a4                hci_transport_bt_init

i.hci_transport_bt_shutdown
                0x000028a6        0x2
 i.hci_transport_bt_shutdown
                0x000028a6        0x2 C:\Program Files (x86)\Cypress\PSoC Creator\3.1\PSoC Creator\psoc\content\cycomponentlibrary\CyComponentLibrary.cylib\BLE_v1_20\Library\gccCyBLEStack_BLE_SOC_PERIPHERAL.a(transport_sf.o)
                0x000028a6                hci_transport_bt_shutdown

i.hci_transport_init
                0x000028a8       0x10
 i.hci_transport_init
                0x000028a8       0x10 C:\Program Files (x86)\Cypress\PSoC Creator\3.1\PSoC Creator\psoc\content\cycomponentlibrary\CyComponentLibrary.cylib\BLE_v1_20\Library\gccCyBLEStack_BLE_SOC_PERIPHERAL.a(transport_sf.o)
                0x000028a8                hci_transport_init

i.hci_transport_write_data
                0x000028b8       0xd4
 i.hci_transport_write_data
                0x000028b8       0xd4 C:\Program Files (x86)\Cypress\PSoC Creator\3.1\PSoC Creator\psoc\content\cycomponentlibrary\CyComponentLibrary.cylib\BLE_v1_20\Library\gccCyBLEStack_BLE_SOC_PERIPHERAL.a(transport_sf.o)
                0x000028b8                hci_transport_write_data

i.pf_hci_soft_transport_write
                0x0000298c       0x44
 i.pf_hci_soft_transport_write
                0x0000298c       0x44 C:\Program Files (x86)\Cypress\PSoC Creator\3.1\PSoC Creator\psoc\content\cycomponentlibrary\CyComponentLibrary.cylib\BLE_v1_20\Library\gccCyBLEStack_BLE_SOC_PERIPHERAL.a(transport_sf.o)
                0x0000298c                pf_hci_soft_transport_write

i.pf_soft_hci_transport_init
                0x000029d0        0xc
 i.pf_soft_hci_transport_init
                0x000029d0        0xc C:\Program Files (x86)\Cypress\PSoC Creator\3.1\PSoC Creator\psoc\content\cycomponentlibrary\CyComponentLibrary.cylib\BLE_v1_20\Library\gccCyBLEStack_BLE_SOC_PERIPHERAL.a(transport_sf.o)
                0x000029d0                pf_soft_hci_transport_init

i.CyBleStackMgr_GetTime
                0x000029dc       0x14
 i.CyBleStackMgr_GetTime
                0x000029dc       0x14 C:\Program Files (x86)\Cypress\PSoC Creator\3.1\PSoC Creator\psoc\content\cycomponentlibrary\CyComponentLibrary.cylib\BLE_v1_20\Library\gccCyBLEStack_BLE_SOC_PERIPHERAL.a(CyBleStackMgr_PSoCHal.o)
                0x000029dc                CyBleStackMgr_GetTime

i.CyBleStackMgr_HalInit
                0x000029f0       0x24
 i.CyBleStackMgr_HalInit
                0x000029f0       0x24 C:\Program Files (x86)\Cypress\PSoC Creator\3.1\PSoC Creator\psoc\content\cycomponentlibrary\CyComponentLibrary.cylib\BLE_v1_20\Library\gccCyBLEStack_BLE_SOC_PERIPHERAL.a(CyBleStackMgr_PSoCHal.o)
                0x000029f0                CyBleStackMgr_HalInit

i.CyBleStackMgr_HalIntrEnable
                0x00002a14        0x8
 i.CyBleStackMgr_HalIntrEnable
                0x00002a14        0x8 C:\Program Files (x86)\Cypress\PSoC Creator\3.1\PSoC Creator\psoc\content\cycomponentlibrary\CyComponentLibrary.cylib\BLE_v1_20\Library\gccCyBLEStack_BLE_SOC_PERIPHERAL.a(CyBleStackMgr_PSoCHal.o)
                0x00002a14                CyBleStackMgr_HalIntrEnable

i.CyBleStackMgr_HalReset
                0x00002a1c        0x4
 i.CyBleStackMgr_HalReset
                0x00002a1c        0x4 C:\Program Files (x86)\Cypress\PSoC Creator\3.1\PSoC Creator\psoc\content\cycomponentlibrary\CyComponentLibrary.cylib\BLE_v1_20\Library\gccCyBLEStack_BLE_SOC_PERIPHERAL.a(CyBleStackMgr_PSoCHal.o)
                0x00002a1c                CyBleStackMgr_HalReset

i.CyBleStackMgr_HandleLinkLayerTick
                0x00002a20       0x5c
 i.CyBleStackMgr_HandleLinkLayerTick
                0x00002a20       0x5c C:\Program Files (x86)\Cypress\PSoC Creator\3.1\PSoC Creator\psoc\content\cycomponentlibrary\CyComponentLibrary.cylib\BLE_v1_20\Library\gccCyBLEStack_BLE_SOC_PERIPHERAL.a(CyBleStackMgr_PSoCHal.o)
                0x00002a20                CyBleStackMgr_HandleLinkLayerTick

i.CyBleStackMgr_HciPortInit
                0x00002a7c        0xc
 i.CyBleStackMgr_HciPortInit
                0x00002a7c        0xc C:\Program Files (x86)\Cypress\PSoC Creator\3.1\PSoC Creator\psoc\content\cycomponentlibrary\CyComponentLibrary.cylib\BLE_v1_20\Library\gccCyBLEStack_BLE_SOC_PERIPHERAL.a(CyBleStackMgr_PSoCHal.o)
                0x00002a7c                CyBleStackMgr_HciPortInit

i.CyBleStackMgr_HciPortReset
                0x00002a88        0x2
 i.CyBleStackMgr_HciPortReset
                0x00002a88        0x2 C:\Program Files (x86)\Cypress\PSoC Creator\3.1\PSoC Creator\psoc\content\cycomponentlibrary\CyComponentLibrary.cylib\BLE_v1_20\Library\gccCyBLEStack_BLE_SOC_PERIPHERAL.a(CyBleStackMgr_PSoCHal.o)
                0x00002a88                CyBleStackMgr_HciPortReset

i.CyBleStackMgr_HciPortWrite
                0x00002a8a        0x8
 i.CyBleStackMgr_HciPortWrite
                0x00002a8a        0x8 C:\Program Files (x86)\Cypress\PSoC Creator\3.1\PSoC Creator\psoc\content\cycomponentlibrary\CyComponentLibrary.cylib\BLE_v1_20\Library\gccCyBLEStack_BLE_SOC_PERIPHERAL.a(CyBleStackMgr_PSoCHal.o)
                0x00002a8a                CyBleStackMgr_HciPortWrite

i.CyBleStackMgr_ResetLinkLayerTimerEntity
                0x00002a94       0x14
 i.CyBleStackMgr_ResetLinkLayerTimerEntity
                0x00002a94       0x14 C:\Program Files (x86)\Cypress\PSoC Creator\3.1\PSoC Creator\psoc\content\cycomponentlibrary\CyComponentLibrary.cylib\BLE_v1_20\Library\gccCyBLEStack_BLE_SOC_PERIPHERAL.a(CyBleStackMgr_PSoCHal.o)
                0x00002a94                CyBleStackMgr_ResetLinkLayerTimerEntity

i.CyBleStackMgr_TimerStart
                0x00002aa8       0x2c
 i.CyBleStackMgr_TimerStart
                0x00002aa8       0x2c C:\Program Files (x86)\Cypress\PSoC Creator\3.1\PSoC Creator\psoc\content\cycomponentlibrary\CyComponentLibrary.cylib\BLE_v1_20\Library\gccCyBLEStack_BLE_SOC_PERIPHERAL.a(CyBleStackMgr_PSoCHal.o)
                0x00002aa8                CyBleStackMgr_TimerStart

i.CyBleStackMgr_TimerStop
                0x00002ad4       0x18
 i.CyBleStackMgr_TimerStop
                0x00002ad4       0x18 C:\Program Files (x86)\Cypress\PSoC Creator\3.1\PSoC Creator\psoc\content\cycomponentlibrary\CyComponentLibrary.cylib\BLE_v1_20\Library\gccCyBLEStack_BLE_SOC_PERIPHERAL.a(CyBleStackMgr_PSoCHal.o)
                0x00002ad4                CyBleStackMgr_TimerStop

i.CyBleStackMgr_isTimerRunning
                0x00002aec       0x10
 i.CyBleStackMgr_isTimerRunning
                0x00002aec       0x10 C:\Program Files (x86)\Cypress\PSoC Creator\3.1\PSoC Creator\psoc\content\cycomponentlibrary\CyComponentLibrary.cylib\BLE_v1_20\Library\gccCyBLEStack_BLE_SOC_PERIPHERAL.a(CyBleStackMgr_PSoCHal.o)
                0x00002aec                CyBleStackMgr_isTimerRunning

i.CyBleAtlantisRadioInit
                0x00002afc      0x1ac
 i.CyBleAtlantisRadioInit
                0x00002afc      0x1ac C:\Program Files (x86)\Cypress\PSoC Creator\3.1\PSoC Creator\psoc\content\cycomponentlibrary\CyComponentLibrary.cylib\BLE_v1_20\Library\gccCyBLEStack_BLE_SOC_PERIPHERAL.a(CyBleStackMgr_BleSSDriver.o)

i.CyBleStackMgr_BleSSFifoRead
                0x00002ca8       0x38
 i.CyBleStackMgr_BleSSFifoRead
                0x00002ca8       0x38 C:\Program Files (x86)\Cypress\PSoC Creator\3.1\PSoC Creator\psoc\content\cycomponentlibrary\CyComponentLibrary.cylib\BLE_v1_20\Library\gccCyBLEStack_BLE_SOC_PERIPHERAL.a(CyBleStackMgr_BleSSDriver.o)
                0x00002ca8                CyBleStackMgr_BleSSFifoRead

i.CyBleStackMgr_BleSSFifoWrite
                0x00002ce0       0x30
 i.CyBleStackMgr_BleSSFifoWrite
                0x00002ce0       0x30 C:\Program Files (x86)\Cypress\PSoC Creator\3.1\PSoC Creator\psoc\content\cycomponentlibrary\CyComponentLibrary.cylib\BLE_v1_20\Library\gccCyBLEStack_BLE_SOC_PERIPHERAL.a(CyBleStackMgr_BleSSDriver.o)
                0x00002ce0                CyBleStackMgr_BleSSFifoWrite

i.CyBleStackMgr_BleSSInit
                0x00002d10       0x50
 i.CyBleStackMgr_BleSSInit
                0x00002d10       0x50 C:\Program Files (x86)\Cypress\PSoC Creator\3.1\PSoC Creator\psoc\content\cycomponentlibrary\CyComponentLibrary.cylib\BLE_v1_20\Library\gccCyBLEStack_BLE_SOC_PERIPHERAL.a(CyBleStackMgr_BleSSDriver.o)
                0x00002d10                CyBleStackMgr_BleSSInit

i.CyBleStackMgr_BleSSMemRead
                0x00002d60       0x26
 i.CyBleStackMgr_BleSSMemRead
                0x00002d60       0x26 C:\Program Files (x86)\Cypress\PSoC Creator\3.1\PSoC Creator\psoc\content\cycomponentlibrary\CyComponentLibrary.cylib\BLE_v1_20\Library\gccCyBLEStack_BLE_SOC_PERIPHERAL.a(CyBleStackMgr_BleSSDriver.o)
                0x00002d60                CyBleStackMgr_BleSSMemRead

i.CyBleStackMgr_BleSSMemWrite
                0x00002d88       0x34
 i.CyBleStackMgr_BleSSMemWrite
                0x00002d88       0x34 C:\Program Files (x86)\Cypress\PSoC Creator\3.1\PSoC Creator\psoc\content\cycomponentlibrary\CyComponentLibrary.cylib\BLE_v1_20\Library\gccCyBLEStack_BLE_SOC_PERIPHERAL.a(CyBleStackMgr_BleSSDriver.o)
                0x00002d88                CyBleStackMgr_BleSSMemWrite

i.CyBleStackMgr_BleSSRegRead
                0x00002dbc        0xc
 i.CyBleStackMgr_BleSSRegRead
                0x00002dbc        0xc C:\Program Files (x86)\Cypress\PSoC Creator\3.1\PSoC Creator\psoc\content\cycomponentlibrary\CyComponentLibrary.cylib\BLE_v1_20\Library\gccCyBLEStack_BLE_SOC_PERIPHERAL.a(CyBleStackMgr_BleSSDriver.o)
                0x00002dbc                CyBleStackMgr_BleSSRegRead

i.CyBleStackMgr_BleSSRegWrite
                0x00002dc8        0xc
 i.CyBleStackMgr_BleSSRegWrite
                0x00002dc8        0xc C:\Program Files (x86)\Cypress\PSoC Creator\3.1\PSoC Creator\psoc\content\cycomponentlibrary\CyComponentLibrary.cylib\BLE_v1_20\Library\gccCyBLEStack_BLE_SOC_PERIPHERAL.a(CyBleStackMgr_BleSSDriver.o)
                0x00002dc8                CyBleStackMgr_BleSSRegWrite

i.CyBleStackMgr_BleSSReset
                0x00002dd4       0x38
 i.CyBleStackMgr_BleSSReset
                0x00002dd4       0x38 C:\Program Files (x86)\Cypress\PSoC Creator\3.1\PSoC Creator\psoc\content\cycomponentlibrary\CyComponentLibrary.cylib\BLE_v1_20\Library\gccCyBLEStack_BLE_SOC_PERIPHERAL.a(CyBleStackMgr_BleSSDriver.o)
                0x00002dd4                CyBleStackMgr_BleSSReset

i.CyBleStackMgr_BleSSShutdown
                0x00002e0c       0x24
 i.CyBleStackMgr_BleSSShutdown
                0x00002e0c       0x24 C:\Program Files (x86)\Cypress\PSoC Creator\3.1\PSoC Creator\psoc\content\cycomponentlibrary\CyComponentLibrary.cylib\BLE_v1_20\Library\gccCyBLEStack_BLE_SOC_PERIPHERAL.a(CyBleStackMgr_BleSSDriver.o)
                0x00002e0c                CyBleStackMgr_BleSSShutdown

i.CyBleStackMgr_GenericIface
                0x00002e30       0x3c
 i.CyBleStackMgr_GenericIface
                0x00002e30       0x3c C:\Program Files (x86)\Cypress\PSoC Creator\3.1\PSoC Creator\psoc\content\cycomponentlibrary\CyComponentLibrary.cylib\BLE_v1_20\Library\gccCyBLEStack_BLE_SOC_PERIPHERAL.a(CyBleStackMgr_BleSSDriver.o)
                0x00002e30                CyBleStackMgr_GenericIface

i.CyBleStackMgr_HandleBleSSIntr
                0x00002e6c       0x90
 i.CyBleStackMgr_HandleBleSSIntr
                0x00002e6c       0x90 C:\Program Files (x86)\Cypress\PSoC Creator\3.1\PSoC Creator\psoc\content\cycomponentlibrary\CyComponentLibrary.cylib\BLE_v1_20\Library\gccCyBLEStack_BLE_SOC_PERIPHERAL.a(CyBleStackMgr_BleSSDriver.o)
                0x00002e6c                CyBleStackMgr_HandleBleSSIntr

i.CyBleStackMgr_SetClockParam
                0x00002efc       0xb4
 i.CyBleStackMgr_SetClockParam
                0x00002efc       0xb4 C:\Program Files (x86)\Cypress\PSoC Creator\3.1\PSoC Creator\psoc\content\cycomponentlibrary\CyComponentLibrary.cylib\BLE_v1_20\Library\gccCyBLEStack_BLE_SOC_PERIPHERAL.a(CyBleStackMgr_BleSSDriver.o)

i.CyBleStackMgr_isXtalCpuClkSource
                0x00002fb0       0x18
 i.CyBleStackMgr_isXtalCpuClkSource
                0x00002fb0       0x18 C:\Program Files (x86)\Cypress\PSoC Creator\3.1\PSoC Creator\psoc\content\cycomponentlibrary\CyComponentLibrary.cylib\BLE_v1_20\Library\gccCyBLEStack_BLE_SOC_PERIPHERAL.a(CyBleStackMgr_BleSSDriver.o)
                0x00002fb0                CyBleStackMgr_isXtalCpuClkSource

i.CyBle_EnterDsmMode
                0x00002fc8       0x3c
 i.CyBle_EnterDsmMode
                0x00002fc8       0x3c C:\Program Files (x86)\Cypress\PSoC Creator\3.1\PSoC Creator\psoc\content\cycomponentlibrary\CyComponentLibrary.cylib\BLE_v1_20\Library\gccCyBLEStack_BLE_SOC_PERIPHERAL.a(CyBleStackMgr_BleSSDriver.o)
                0x00002fc8                CyBle_EnterDsmMode

i.CyBle_ExitDsmMode
                0x00003004       0x2c
 i.CyBle_ExitDsmMode
                0x00003004       0x2c C:\Program Files (x86)\Cypress\PSoC Creator\3.1\PSoC Creator\psoc\content\cycomponentlibrary\CyComponentLibrary.cylib\BLE_v1_20\Library\gccCyBLEStack_BLE_SOC_PERIPHERAL.a(CyBleStackMgr_BleSSDriver.o)
                0x00003004                CyBle_ExitDsmMode

i.CyBle_GetBleSsOperationalMode
                0x00003030        0xc
 i.CyBle_GetBleSsOperationalMode
                0x00003030        0xc C:\Program Files (x86)\Cypress\PSoC Creator\3.1\PSoC Creator\psoc\content\cycomponentlibrary\CyComponentLibrary.cylib\BLE_v1_20\Library\gccCyBLEStack_BLE_SOC_PERIPHERAL.a(CyBleStackMgr_BleSSDriver.o)
                0x00003030                CyBle_GetBleSsOperationalMode

i.CyBle_GetEventCloseState
                0x0000303c       0x10
 i.CyBle_GetEventCloseState
                0x0000303c       0x10 C:\Program Files (x86)\Cypress\PSoC Creator\3.1\PSoC Creator\psoc\content\cycomponentlibrary\CyComponentLibrary.cylib\BLE_v1_20\Library\gccCyBLEStack_BLE_SOC_PERIPHERAL.a(CyBleStackMgr_BleSSDriver.o)
                0x0000303c                CyBle_GetEventCloseState

i.CyBle_GetLpMode
                0x0000304c       0x26
 i.CyBle_GetLpMode
                0x0000304c       0x26 C:\Program Files (x86)\Cypress\PSoC Creator\3.1\PSoC Creator\psoc\content\cycomponentlibrary\CyComponentLibrary.cylib\BLE_v1_20\Library\gccCyBLEStack_BLE_SOC_PERIPHERAL.a(CyBleStackMgr_BleSSDriver.o)
                0x0000304c                CyBle_GetLpMode

i.CyBle_GetTxGainMode
                0x00003074       0x2c
 i.CyBle_GetTxGainMode
                0x00003074       0x2c C:\Program Files (x86)\Cypress\PSoC Creator\3.1\PSoC Creator\psoc\content\cycomponentlibrary\CyComponentLibrary.cylib\BLE_v1_20\Library\gccCyBLEStack_BLE_SOC_PERIPHERAL.a(CyBleStackMgr_BleSSDriver.o)
                0x00003074                CyBle_GetTxGainMode

i.CyBle_SetAutoWakeUp
                0x000030a0        0xc
 i.CyBle_SetAutoWakeUp
                0x000030a0        0xc C:\Program Files (x86)\Cypress\PSoC Creator\3.1\PSoC Creator\psoc\content\cycomponentlibrary\CyComponentLibrary.cylib\BLE_v1_20\Library\gccCyBLEStack_BLE_SOC_PERIPHERAL.a(CyBleStackMgr_BleSSDriver.o)
                0x000030a0                CyBle_SetAutoWakeUp

i.CyBle_SetBleSsOperationalMode
                0x000030ac       0x20
 i.CyBle_SetBleSsOperationalMode
                0x000030ac       0x20 C:\Program Files (x86)\Cypress\PSoC Creator\3.1\PSoC Creator\psoc\content\cycomponentlibrary\CyComponentLibrary.cylib\BLE_v1_20\Library\gccCyBLEStack_BLE_SOC_PERIPHERAL.a(CyBleStackMgr_BleSSDriver.o)
                0x000030ac                CyBle_SetBleSsOperationalMode

i.CyBle_SetEventCloseState
                0x000030cc        0xc
 i.CyBle_SetEventCloseState
                0x000030cc        0xc C:\Program Files (x86)\Cypress\PSoC Creator\3.1\PSoC Creator\psoc\content\cycomponentlibrary\CyComponentLibrary.cylib\BLE_v1_20\Library\gccCyBLEStack_BLE_SOC_PERIPHERAL.a(CyBleStackMgr_BleSSDriver.o)
                0x000030cc                CyBle_SetEventCloseState

i.CyBle_SetRxGainMode
                0x000030d8       0x20
 i.CyBle_SetRxGainMode
                0x000030d8       0x20 C:\Program Files (x86)\Cypress\PSoC Creator\3.1\PSoC Creator\psoc\content\cycomponentlibrary\CyComponentLibrary.cylib\BLE_v1_20\Library\gccCyBLEStack_BLE_SOC_PERIPHERAL.a(CyBleStackMgr_BleSSDriver.o)
                0x000030d8                CyBle_SetRxGainMode

i.CyBle_SetTxGainMode
                0x000030f8       0x38
 i.CyBle_SetTxGainMode
                0x000030f8       0x38 C:\Program Files (x86)\Cypress\PSoC Creator\3.1\PSoC Creator\psoc\content\cycomponentlibrary\CyComponentLibrary.cylib\BLE_v1_20\Library\gccCyBLEStack_BLE_SOC_PERIPHERAL.a(CyBleStackMgr_BleSSDriver.o)
                0x000030f8                CyBle_SetTxGainMode

i.pf_rf_get_abs_rssi
                0x00003130       0x24
 i.pf_rf_get_abs_rssi
                0x00003130       0x24 C:\Program Files (x86)\Cypress\PSoC Creator\3.1\PSoC Creator\psoc\content\cycomponentlibrary\CyComponentLibrary.cylib\BLE_v1_20\Library\gccCyBLEStack_BLE_SOC_PERIPHERAL.a(CyBleStackMgr_BleSSDriver.o)
                0x00003130                pf_rf_get_abs_rssi

i.OS_init       0x00003154       0x64
 i.OS_init      0x00003154       0x64 C:\Program Files (x86)\Cypress\PSoC Creator\3.1\PSoC Creator\psoc\content\cycomponentlibrary\CyComponentLibrary.cylib\BLE_v1_20\Library\gccCyBLEStack_BLE_SOC_PERIPHERAL.a(mint_os.o)
                0x00003154                OS_init

i.OS_shutdown   0x000031b8        0x4
 i.OS_shutdown  0x000031b8        0x4 C:\Program Files (x86)\Cypress\PSoC Creator\3.1\PSoC Creator\psoc\content\cycomponentlibrary\CyComponentLibrary.cylib\BLE_v1_20\Library\gccCyBLEStack_BLE_SOC_PERIPHERAL.a(mint_os.o)
                0x000031b8                OS_shutdown

i.mintos_malloc
                0x000031bc       0x34
 i.mintos_malloc
                0x000031bc       0x34 C:\Program Files (x86)\Cypress\PSoC Creator\3.1\PSoC Creator\psoc\content\cycomponentlibrary\CyComponentLibrary.cylib\BLE_v1_20\Library\gccCyBLEStack_BLE_SOC_PERIPHERAL.a(mint_os.o)
                0x000031bc                mintos_malloc

i.OS_create_queue
                0x000031f0       0x64
 i.OS_create_queue
                0x000031f0       0x64 C:\Program Files (x86)\Cypress\PSoC Creator\3.1\PSoC Creator\psoc\content\cycomponentlibrary\CyComponentLibrary.cylib\BLE_v1_20\Library\gccCyBLEStack_BLE_SOC_PERIPHERAL.a(mint_os_queue.o)
                0x000031f0                OS_create_queue

i.OS_enqueue_item
                0x00003254       0x8c
 i.OS_enqueue_item
                0x00003254       0x8c C:\Program Files (x86)\Cypress\PSoC Creator\3.1\PSoC Creator\psoc\content\cycomponentlibrary\CyComponentLibrary.cylib\BLE_v1_20\Library\gccCyBLEStack_BLE_SOC_PERIPHERAL.a(mint_os_queue.o)
                0x00003254                OS_enqueue_item

i.OS_queue_get_num_of_items
                0x000032e0       0x28
 i.OS_queue_get_num_of_items
                0x000032e0       0x28 C:\Program Files (x86)\Cypress\PSoC Creator\3.1\PSoC Creator\psoc\content\cycomponentlibrary\CyComponentLibrary.cylib\BLE_v1_20\Library\gccCyBLEStack_BLE_SOC_PERIPHERAL.a(mint_os_queue.o)
                0x000032e0                OS_queue_get_num_of_items

i.OS_queue_mgmt_init
                0x00003308       0x40
 i.OS_queue_mgmt_init
                0x00003308       0x40 C:\Program Files (x86)\Cypress\PSoC Creator\3.1\PSoC Creator\psoc\content\cycomponentlibrary\CyComponentLibrary.cylib\BLE_v1_20\Library\gccCyBLEStack_BLE_SOC_PERIPHERAL.a(mint_os_queue.o)
                0x00003308                OS_queue_mgmt_init

i.OS_remove_item
                0x00003348       0xa0
 i.OS_remove_item
                0x00003348       0xa0 C:\Program Files (x86)\Cypress\PSoC Creator\3.1\PSoC Creator\psoc\content\cycomponentlibrary\CyComponentLibrary.cylib\BLE_v1_20\Library\gccCyBLEStack_BLE_SOC_PERIPHERAL.a(mint_os_queue.o)
                0x00003348                OS_remove_item

i.OS_create_task
                0x000033e8       0x88
 i.OS_create_task
                0x000033e8       0x88 C:\Program Files (x86)\Cypress\PSoC Creator\3.1\PSoC Creator\psoc\content\cycomponentlibrary\CyComponentLibrary.cylib\BLE_v1_20\Library\gccCyBLEStack_BLE_SOC_PERIPHERAL.a(mint_os_task.o)
                0x000033e8                OS_create_task

i.OS_isr_send_signal_to_task
                0x00003470        0xc
 i.OS_isr_send_signal_to_task
                0x00003470        0xc C:\Program Files (x86)\Cypress\PSoC Creator\3.1\PSoC Creator\psoc\content\cycomponentlibrary\CyComponentLibrary.cylib\BLE_v1_20\Library\gccCyBLEStack_BLE_SOC_PERIPHERAL.a(mint_os_task.o)
                0x00003470                OS_isr_send_signal_to_task

i.OS_scheduler  0x0000347c       0x64
 i.OS_scheduler
                0x0000347c       0x64 C:\Program Files (x86)\Cypress\PSoC Creator\3.1\PSoC Creator\psoc\content\cycomponentlibrary\CyComponentLibrary.cylib\BLE_v1_20\Library\gccCyBLEStack_BLE_SOC_PERIPHERAL.a(mint_os_task.o)
                0x0000347c                OS_scheduler

i.OS_send_signal_to_task
                0x000034e0        0xc
 i.OS_send_signal_to_task
                0x000034e0        0xc C:\Program Files (x86)\Cypress\PSoC Creator\3.1\PSoC Creator\psoc\content\cycomponentlibrary\CyComponentLibrary.cylib\BLE_v1_20\Library\gccCyBLEStack_BLE_SOC_PERIPHERAL.a(mint_os_task.o)
                0x000034e0                OS_send_signal_to_task

i.OS_send_signal_to_task_context
                0x000034ec       0x3c
 i.OS_send_signal_to_task_context
                0x000034ec       0x3c C:\Program Files (x86)\Cypress\PSoC Creator\3.1\PSoC Creator\psoc\content\cycomponentlibrary\CyComponentLibrary.cylib\BLE_v1_20\Library\gccCyBLEStack_BLE_SOC_PERIPHERAL.a(mint_os_task.o)

i.OS_task_mgmt_init
                0x00003528       0x50
 i.OS_task_mgmt_init
                0x00003528       0x50 C:\Program Files (x86)\Cypress\PSoC Creator\3.1\PSoC Creator\psoc\content\cycomponentlibrary\CyComponentLibrary.cylib\BLE_v1_20\Library\gccCyBLEStack_BLE_SOC_PERIPHERAL.a(mint_os_task.o)
                0x00003528                OS_task_mgmt_init

i.mint_buf_mgmt_allocate_buffer
                0x00003578       0x4c
 i.mint_buf_mgmt_allocate_buffer
                0x00003578       0x4c C:\Program Files (x86)\Cypress\PSoC Creator\3.1\PSoC Creator\psoc\content\cycomponentlibrary\CyComponentLibrary.cylib\BLE_v1_20\Library\gccCyBLEStack_BLE_SOC_PERIPHERAL.a(mint_buf_mgmt.o)
                0x00003578                mint_buf_mgmt_allocate_buffer

i.mint_buf_mgmt_create_pool
                0x000035c4       0xd8
 i.mint_buf_mgmt_create_pool
                0x000035c4       0xd8 C:\Program Files (x86)\Cypress\PSoC Creator\3.1\PSoC Creator\psoc\content\cycomponentlibrary\CyComponentLibrary.cylib\BLE_v1_20\Library\gccCyBLEStack_BLE_SOC_PERIPHERAL.a(mint_buf_mgmt.o)
                0x000035c4                mint_buf_mgmt_create_pool

i.mint_buf_mgmt_free_buffer
                0x0000369c       0xa4
 i.mint_buf_mgmt_free_buffer
                0x0000369c       0xa4 C:\Program Files (x86)\Cypress\PSoC Creator\3.1\PSoC Creator\psoc\content\cycomponentlibrary\CyComponentLibrary.cylib\BLE_v1_20\Library\gccCyBLEStack_BLE_SOC_PERIPHERAL.a(mint_buf_mgmt.o)
                0x0000369c                mint_buf_mgmt_free_buffer

i.mint_buf_mgmt_get_free_heap
                0x00003740       0x1c
 i.mint_buf_mgmt_get_free_heap
                0x00003740       0x1c C:\Program Files (x86)\Cypress\PSoC Creator\3.1\PSoC Creator\psoc\content\cycomponentlibrary\CyComponentLibrary.cylib\BLE_v1_20\Library\gccCyBLEStack_BLE_SOC_PERIPHERAL.a(mint_buf_mgmt.o)
                0x00003740                mint_buf_mgmt_get_free_heap

i.mint_buf_mgmt_init
                0x0000375c       0x44
 i.mint_buf_mgmt_init
                0x0000375c       0x44 C:\Program Files (x86)\Cypress\PSoC Creator\3.1\PSoC Creator\psoc\content\cycomponentlibrary\CyComponentLibrary.cylib\BLE_v1_20\Library\gccCyBLEStack_BLE_SOC_PERIPHERAL.a(mint_buf_mgmt.o)
                0x0000375c                mint_buf_mgmt_init

i.mint_buf_mgmt_malloc
                0x000037a0       0x2c
 i.mint_buf_mgmt_malloc
                0x000037a0       0x2c C:\Program Files (x86)\Cypress\PSoC Creator\3.1\PSoC Creator\psoc\content\cycomponentlibrary\CyComponentLibrary.cylib\BLE_v1_20\Library\gccCyBLEStack_BLE_SOC_PERIPHERAL.a(mint_buf_mgmt.o)
                0x000037a0                mint_buf_mgmt_malloc

i.mint_buf_mgmt_reset_pool
                0x000037cc       0x70
 i.mint_buf_mgmt_reset_pool
                0x000037cc       0x70 C:\Program Files (x86)\Cypress\PSoC Creator\3.1\PSoC Creator\psoc\content\cycomponentlibrary\CyComponentLibrary.cylib\BLE_v1_20\Library\gccCyBLEStack_BLE_SOC_PERIPHERAL.a(mint_buf_mgmt.o)
                0x000037cc                mint_buf_mgmt_reset_pool

i.mint_buf_mgmt_stack_init
                0x0000383c       0x24
 i.mint_buf_mgmt_stack_init
                0x0000383c       0x24 C:\Program Files (x86)\Cypress\PSoC Creator\3.1\PSoC Creator\psoc\content\cycomponentlibrary\CyComponentLibrary.cylib\BLE_v1_20\Library\gccCyBLEStack_BLE_SOC_PERIPHERAL.a(mint_buf_mgmt.o)
                0x0000383c                mint_buf_mgmt_stack_init

i.mint_buf_mgmt_stack_pop
                0x00003860       0x36
 i.mint_buf_mgmt_stack_pop
                0x00003860       0x36 C:\Program Files (x86)\Cypress\PSoC Creator\3.1\PSoC Creator\psoc\content\cycomponentlibrary\CyComponentLibrary.cylib\BLE_v1_20\Library\gccCyBLEStack_BLE_SOC_PERIPHERAL.a(mint_buf_mgmt.o)
                0x00003860                mint_buf_mgmt_stack_pop

i.mint_buf_mgmt_stack_push
                0x00003896       0x36
 i.mint_buf_mgmt_stack_push
                0x00003896       0x36 C:\Program Files (x86)\Cypress\PSoC Creator\3.1\PSoC Creator\psoc\content\cycomponentlibrary\CyComponentLibrary.cylib\BLE_v1_20\Library\gccCyBLEStack_BLE_SOC_PERIPHERAL.a(mint_buf_mgmt.o)
                0x00003896                mint_buf_mgmt_stack_push

i.mint_buf_mgmt_stack_reset
                0x000038cc       0x1e
 i.mint_buf_mgmt_stack_reset
                0x000038cc       0x1e C:\Program Files (x86)\Cypress\PSoC Creator\3.1\PSoC Creator\psoc\content\cycomponentlibrary\CyComponentLibrary.cylib\BLE_v1_20\Library\gccCyBLEStack_BLE_SOC_PERIPHERAL.a(mint_buf_mgmt.o)
                0x000038cc                mint_buf_mgmt_stack_reset

i.mint_buf_mgmt_stack_search_item
                0x000038ea       0x30
 i.mint_buf_mgmt_stack_search_item
                0x000038ea       0x30 C:\Program Files (x86)\Cypress\PSoC Creator\3.1\PSoC Creator\psoc\content\cycomponentlibrary\CyComponentLibrary.cylib\BLE_v1_20\Library\gccCyBLEStack_BLE_SOC_PERIPHERAL.a(mint_buf_mgmt.o)
                0x000038ea                mint_buf_mgmt_stack_search_item

i.mint_buf_mgmt_pl_init
                0x0000391c       0x2c
 i.mint_buf_mgmt_pl_init
                0x0000391c       0x2c C:\Program Files (x86)\Cypress\PSoC Creator\3.1\PSoC Creator\psoc\content\cycomponentlibrary\CyComponentLibrary.cylib\BLE_v1_20\Library\gccCyBLEStack_BLE_SOC_PERIPHERAL.a(mint_buf_mgmt_pl.o)
                0x0000391c                mint_buf_mgmt_pl_init

i.CyBleControllerIP_GetPingState
                0x00003948        0xc
 i.CyBleControllerIP_GetPingState
                0x00003948        0xc C:\Program Files (x86)\Cypress\PSoC Creator\3.1\PSoC Creator\psoc\content\cycomponentlibrary\CyComponentLibrary.cylib\BLE_v1_20\Library\gccCyBLEStack_BLE_SOC_PERIPHERAL.a(CyBleControllerIP_Interface.o)
                0x00003948                CyBleControllerIP_GetPingState

i.CyBleController_AddDeviceToWhiteList
                0x00003954       0x40
 i.CyBleController_AddDeviceToWhiteList
                0x00003954       0x40 C:\Program Files (x86)\Cypress\PSoC Creator\3.1\PSoC Creator\psoc\content\cycomponentlibrary\CyComponentLibrary.cylib\BLE_v1_20\Library\gccCyBLEStack_BLE_SOC_PERIPHERAL.a(CyBleControllerIP_Interface.o)
                0x00003954                CyBleController_AddDeviceToWhiteList

i.CyBleController_EnterLowPowerMode
                0x00003994       0x2c
 i.CyBleController_EnterLowPowerMode
                0x00003994       0x2c C:\Program Files (x86)\Cypress\PSoC Creator\3.1\PSoC Creator\psoc\content\cycomponentlibrary\CyComponentLibrary.cylib\BLE_v1_20\Library\gccCyBLEStack_BLE_SOC_PERIPHERAL.a(CyBleControllerIP_Interface.o)
                0x00003994                CyBleController_EnterLowPowerMode

i.CyBleController_ExitLowPowerMode
                0x000039c0       0x10
 i.CyBleController_ExitLowPowerMode
                0x000039c0       0x10 C:\Program Files (x86)\Cypress\PSoC Creator\3.1\PSoC Creator\psoc\content\cycomponentlibrary\CyComponentLibrary.cylib\BLE_v1_20\Library\gccCyBLEStack_BLE_SOC_PERIPHERAL.a(CyBleControllerIP_Interface.o)
                0x000039c0                CyBleController_ExitLowPowerMode

i.CyBleController_Init
                0x000039d0       0x3c
 i.CyBleController_Init
                0x000039d0       0x3c C:\Program Files (x86)\Cypress\PSoC Creator\3.1\PSoC Creator\psoc\content\cycomponentlibrary\CyComponentLibrary.cylib\BLE_v1_20\Library\gccCyBLEStack_BLE_SOC_PERIPHERAL.a(CyBleControllerIP_Interface.o)
                0x000039d0                CyBleController_Init

i.CyBleController_Reset
                0x00003a0c       0x10
 i.CyBleController_Reset
                0x00003a0c       0x10 C:\Program Files (x86)\Cypress\PSoC Creator\3.1\PSoC Creator\psoc\content\cycomponentlibrary\CyComponentLibrary.cylib\BLE_v1_20\Library\gccCyBLEStack_BLE_SOC_PERIPHERAL.a(CyBleControllerIP_Interface.o)
                0x00003a0c                CyBleController_Reset

i.CyBleController_SetDeviceAddress
                0x00003a1c       0x2e
 i.CyBleController_SetDeviceAddress
                0x00003a1c       0x2e C:\Program Files (x86)\Cypress\PSoC Creator\3.1\PSoC Creator\psoc\content\cycomponentlibrary\CyComponentLibrary.cylib\BLE_v1_20\Library\gccCyBLEStack_BLE_SOC_PERIPHERAL.a(CyBleControllerIP_Interface.o)
                0x00003a1c                CyBleController_SetDeviceAddress

i.CyBleController_Shutdown
                0x00003a4a        0x2
 i.CyBleController_Shutdown
                0x00003a4a        0x2 C:\Program Files (x86)\Cypress\PSoC Creator\3.1\PSoC Creator\psoc\content\cycomponentlibrary\CyComponentLibrary.cylib\BLE_v1_20\Library\gccCyBLEStack_BLE_SOC_PERIPHERAL.a(CyBleControllerIP_Interface.o)
                0x00003a4a                CyBleController_Shutdown

i.CyBle_GetBleSsState
                0x00003a4c       0x10
 i.CyBle_GetBleSsState
                0x00003a4c       0x10 C:\Program Files (x86)\Cypress\PSoC Creator\3.1\PSoC Creator\psoc\content\cycomponentlibrary\CyComponentLibrary.cylib\BLE_v1_20\Library\gccCyBLEStack_BLE_SOC_PERIPHERAL.a(CyBleControllerIP_Interface.o)
                0x00003a4c                CyBle_GetBleSsState

i.CyBle_GetTxPowerLevel
                0x00003a5c       0x4e
 i.CyBle_GetTxPowerLevel
                0x00003a5c       0x4e C:\Program Files (x86)\Cypress\PSoC Creator\3.1\PSoC Creator\psoc\content\cycomponentlibrary\CyComponentLibrary.cylib\BLE_v1_20\Library\gccCyBLEStack_BLE_SOC_PERIPHERAL.a(CyBleControllerIP_Interface.o)
                0x00003a5c                CyBle_GetTxPowerLevel

i.CyBle_SetTxPowerLevel
                0x00003aaa       0x56
 i.CyBle_SetTxPowerLevel
                0x00003aaa       0x56 C:\Program Files (x86)\Cypress\PSoC Creator\3.1\PSoC Creator\psoc\content\cycomponentlibrary\CyComponentLibrary.cylib\BLE_v1_20\Library\gccCyBLEStack_BLE_SOC_PERIPHERAL.a(CyBleControllerIP_Interface.o)
                0x00003aaa                CyBle_SetTxPowerLevel

i.ll_check_and_mark_packet_ready_for_transmission
                0x00003b00       0x28
 i.ll_check_and_mark_packet_ready_for_transmission
                0x00003b00       0x28 C:\Program Files (x86)\Cypress\PSoC Creator\3.1\PSoC Creator\psoc\content\cycomponentlibrary\CyComponentLibrary.cylib\BLE_v1_20\Library\gccCyBLEStack_BLE_SOC_PERIPHERAL.a(ll.o)
                0x00003b00                ll_check_and_mark_packet_ready_for_transmission

i.ll_cleanup_pending_data_pdu
                0x00003b28       0x38
 i.ll_cleanup_pending_data_pdu
                0x00003b28       0x38 C:\Program Files (x86)\Cypress\PSoC Creator\3.1\PSoC Creator\psoc\content\cycomponentlibrary\CyComponentLibrary.cylib\BLE_v1_20\Library\gccCyBLEStack_BLE_SOC_PERIPHERAL.a(ll.o)
                0x00003b28                ll_cleanup_pending_data_pdu

i.ll_enter_dsm_mode
                0x00003b60      0x1a4
 i.ll_enter_dsm_mode
                0x00003b60      0x1a4 C:\Program Files (x86)\Cypress\PSoC Creator\3.1\PSoC Creator\psoc\content\cycomponentlibrary\CyComponentLibrary.cylib\BLE_v1_20\Library\gccCyBLEStack_BLE_SOC_PERIPHERAL.a(ll.o)
                0x00003b60                ll_enter_dsm_mode

i.ll_enter_hibernate_mode
                0x00003d04       0x28
 i.ll_enter_hibernate_mode
                0x00003d04       0x28 C:\Program Files (x86)\Cypress\PSoC Creator\3.1\PSoC Creator\psoc\content\cycomponentlibrary\CyComponentLibrary.cylib\BLE_v1_20\Library\gccCyBLEStack_BLE_SOC_PERIPHERAL.a(ll.o)
                0x00003d04                ll_enter_hibernate_mode

i.ll_enter_sm_mode
                0x00003d2c       0x60
 i.ll_enter_sm_mode
                0x00003d2c       0x60 C:\Program Files (x86)\Cypress\PSoC Creator\3.1\PSoC Creator\psoc\content\cycomponentlibrary\CyComponentLibrary.cylib\BLE_v1_20\Library\gccCyBLEStack_BLE_SOC_PERIPHERAL.a(ll.o)
                0x00003d2c                ll_enter_sm_mode

i.ll_exit_low_power_mode
                0x00003d8c       0xac
 i.ll_exit_low_power_mode
                0x00003d8c       0xac C:\Program Files (x86)\Cypress\PSoC Creator\3.1\PSoC Creator\psoc\content\cycomponentlibrary\CyComponentLibrary.cylib\BLE_v1_20\Library\gccCyBLEStack_BLE_SOC_PERIPHERAL.a(ll.o)
                0x00003d8c                ll_exit_low_power_mode

i.ll_get_ack_status
                0x00003e38       0x3c
 i.ll_get_ack_status
                0x00003e38       0x3c C:\Program Files (x86)\Cypress\PSoC Creator\3.1\PSoC Creator\psoc\content\cycomponentlibrary\CyComponentLibrary.cylib\BLE_v1_20\Library\gccCyBLEStack_BLE_SOC_PERIPHERAL.a(ll.o)
                0x00003e38                ll_get_ack_status

i.ll_get_ack_status_for_all_connections
                0x00003e74       0x34
 i.ll_get_ack_status_for_all_connections
                0x00003e74       0x34 C:\Program Files (x86)\Cypress\PSoC Creator\3.1\PSoC Creator\psoc\content\cycomponentlibrary\CyComponentLibrary.cylib\BLE_v1_20\Library\gccCyBLEStack_BLE_SOC_PERIPHERAL.a(ll.o)
                0x00003e74                ll_get_ack_status_for_all_connections

i.ll_get_adv_ch_tx_power
                0x00003ea8       0x20
 i.ll_get_adv_ch_tx_power
                0x00003ea8       0x20 C:\Program Files (x86)\Cypress\PSoC Creator\3.1\PSoC Creator\psoc\content\cycomponentlibrary\CyComponentLibrary.cylib\BLE_v1_20\Library\gccCyBLEStack_BLE_SOC_PERIPHERAL.a(ll.o)
                0x00003ea8                ll_get_adv_ch_tx_power

i.ll_get_data_channel_map
                0x00003ec8       0x24
 i.ll_get_data_channel_map
                0x00003ec8       0x24 C:\Program Files (x86)\Cypress\PSoC Creator\3.1\PSoC Creator\psoc\content\cycomponentlibrary\CyComponentLibrary.cylib\BLE_v1_20\Library\gccCyBLEStack_BLE_SOC_PERIPHERAL.a(ll.o)
                0x00003ec8                ll_get_data_channel_map

i.ll_get_max_white_list_size
                0x00003eec        0xc
 i.ll_get_max_white_list_size
                0x00003eec        0xc C:\Program Files (x86)\Cypress\PSoC Creator\3.1\PSoC Creator\psoc\content\cycomponentlibrary\CyComponentLibrary.cylib\BLE_v1_20\Library\gccCyBLEStack_BLE_SOC_PERIPHERAL.a(ll.o)
                0x00003eec                ll_get_max_white_list_size

i.ll_get_my_role
                0x00003ef8        0xc
 i.ll_get_my_role
                0x00003ef8        0xc C:\Program Files (x86)\Cypress\PSoC Creator\3.1\PSoC Creator\psoc\content\cycomponentlibrary\CyComponentLibrary.cylib\BLE_v1_20\Library\gccCyBLEStack_BLE_SOC_PERIPHERAL.a(ll.o)
                0x00003ef8                ll_get_my_role

i.ll_get_next_available_fifo_for_data_pdu
                0x00003f04        0x8
 i.ll_get_next_available_fifo_for_data_pdu
                0x00003f04        0x8 C:\Program Files (x86)\Cypress\PSoC Creator\3.1\PSoC Creator\psoc\content\cycomponentlibrary\CyComponentLibrary.cylib\BLE_v1_20\Library\gccCyBLEStack_BLE_SOC_PERIPHERAL.a(ll.o)
                0x00003f04                ll_get_next_available_fifo_for_data_pdu

i.ll_get_next_available_fifo_for_ll_pdu
                0x00003f0c       0x24
 i.ll_get_next_available_fifo_for_ll_pdu
                0x00003f0c       0x24 C:\Program Files (x86)\Cypress\PSoC Creator\3.1\PSoC Creator\psoc\content\cycomponentlibrary\CyComponentLibrary.cylib\BLE_v1_20\Library\gccCyBLEStack_BLE_SOC_PERIPHERAL.a(ll.o)
                0x00003f0c                ll_get_next_available_fifo_for_ll_pdu

i.ll_get_rssi_value
                0x00003f30       0x26
 i.ll_get_rssi_value
                0x00003f30       0x26 C:\Program Files (x86)\Cypress\PSoC Creator\3.1\PSoC Creator\psoc\content\cycomponentlibrary\CyComponentLibrary.cylib\BLE_v1_20\Library\gccCyBLEStack_BLE_SOC_PERIPHERAL.a(ll.o)
                0x00003f30                ll_get_rssi_value

i.ll_get_transmit_power_level
                0x00003f58       0x2c
 i.ll_get_transmit_power_level
                0x00003f58       0x2c C:\Program Files (x86)\Cypress\PSoC Creator\3.1\PSoC Creator\psoc\content\cycomponentlibrary\CyComponentLibrary.cylib\BLE_v1_20\Library\gccCyBLEStack_BLE_SOC_PERIPHERAL.a(ll.o)
                0x00003f58                ll_get_transmit_power_level

i.ll_handle_ack_received
                0x00003f84       0x74
 i.ll_handle_ack_received
                0x00003f84       0x74 C:\Program Files (x86)\Cypress\PSoC Creator\3.1\PSoC Creator\psoc\content\cycomponentlibrary\CyComponentLibrary.cylib\BLE_v1_20\Library\gccCyBLEStack_BLE_SOC_PERIPHERAL.a(ll.o)
                0x00003f84                ll_handle_ack_received

i.ll_handle_add_device_in_whitelist
                0x00003ff8       0x3a
 i.ll_handle_add_device_in_whitelist
                0x00003ff8       0x3a C:\Program Files (x86)\Cypress\PSoC Creator\3.1\PSoC Creator\psoc\content\cycomponentlibrary\CyComponentLibrary.cylib\BLE_v1_20\Library\gccCyBLEStack_BLE_SOC_PERIPHERAL.a(ll.o)
                0x00003ff8                ll_handle_add_device_in_whitelist

i.ll_handle_clear_whitelist
                0x00004032       0x16
 i.ll_handle_clear_whitelist
                0x00004032       0x16 C:\Program Files (x86)\Cypress\PSoC Creator\3.1\PSoC Creator\psoc\content\cycomponentlibrary\CyComponentLibrary.cylib\BLE_v1_20\Library\gccCyBLEStack_BLE_SOC_PERIPHERAL.a(ll.o)
                0x00004032                ll_handle_clear_whitelist

i.ll_handle_encrypt_host_data
                0x00004048       0x36
 i.ll_handle_encrypt_host_data
                0x00004048       0x36 C:\Program Files (x86)\Cypress\PSoC Creator\3.1\PSoC Creator\psoc\content\cycomponentlibrary\CyComponentLibrary.cylib\BLE_v1_20\Library\gccCyBLEStack_BLE_SOC_PERIPHERAL.a(ll.o)
                0x00004048                ll_handle_encrypt_host_data

i.ll_handle_host_data_packet
                0x0000407e       0x54
 i.ll_handle_host_data_packet
                0x0000407e       0x54 C:\Program Files (x86)\Cypress\PSoC Creator\3.1\PSoC Creator\psoc\content\cycomponentlibrary\CyComponentLibrary.cylib\BLE_v1_20\Library\gccCyBLEStack_BLE_SOC_PERIPHERAL.a(ll.o)
                0x0000407e                ll_handle_host_data_packet

i.ll_handle_read_host_channel_map
                0x000040d2        0x4
 i.ll_handle_read_host_channel_map
                0x000040d2        0x4 C:\Program Files (x86)\Cypress\PSoC Creator\3.1\PSoC Creator\psoc\content\cycomponentlibrary\CyComponentLibrary.cylib\BLE_v1_20\Library\gccCyBLEStack_BLE_SOC_PERIPHERAL.a(ll.o)
                0x000040d2                ll_handle_read_host_channel_map

i.ll_handle_remove_device_in_whitelist
                0x000040d6       0x2a
 i.ll_handle_remove_device_in_whitelist
                0x000040d6       0x2a C:\Program Files (x86)\Cypress\PSoC Creator\3.1\PSoC Creator\psoc\content\cycomponentlibrary\CyComponentLibrary.cylib\BLE_v1_20\Library\gccCyBLEStack_BLE_SOC_PERIPHERAL.a(ll.o)
                0x000040d6                ll_handle_remove_device_in_whitelist

i.ll_handle_reset
                0x00004100        0xe
 i.ll_handle_reset
                0x00004100        0xe C:\Program Files (x86)\Cypress\PSoC Creator\3.1\PSoC Creator\psoc\content\cycomponentlibrary\CyComponentLibrary.cylib\BLE_v1_20\Library\gccCyBLEStack_BLE_SOC_PERIPHERAL.a(ll.o)
                0x00004100                ll_handle_reset

i.ll_handle_set_random_address
                0x0000410e       0x36
 i.ll_handle_set_random_address
                0x0000410e       0x36 C:\Program Files (x86)\Cypress\PSoC Creator\3.1\PSoC Creator\psoc\content\cycomponentlibrary\CyComponentLibrary.cylib\BLE_v1_20\Library\gccCyBLEStack_BLE_SOC_PERIPHERAL.a(ll.o)
                0x0000410e                ll_handle_set_random_address

i.ll_init       0x00004144       0x18
 i.ll_init      0x00004144       0x18 C:\Program Files (x86)\Cypress\PSoC Creator\3.1\PSoC Creator\psoc\content\cycomponentlibrary\CyComponentLibrary.cylib\BLE_v1_20\Library\gccCyBLEStack_BLE_SOC_PERIPHERAL.a(ll.o)
                0x00004144                ll_init

i.ll_initialize_device_attributes
                0x0000415c       0x4c
 i.ll_initialize_device_attributes
                0x0000415c       0x4c C:\Program Files (x86)\Cypress\PSoC Creator\3.1\PSoC Creator\psoc\content\cycomponentlibrary\CyComponentLibrary.cylib\BLE_v1_20\Library\gccCyBLEStack_BLE_SOC_PERIPHERAL.a(ll.o)
                0x0000415c                ll_initialize_device_attributes

i.ll_is_pkt_pending
                0x000041a8       0x2a
 i.ll_is_pkt_pending
                0x000041a8       0x2a C:\Program Files (x86)\Cypress\PSoC Creator\3.1\PSoC Creator\psoc\content\cycomponentlibrary\CyComponentLibrary.cylib\BLE_v1_20\Library\gccCyBLEStack_BLE_SOC_PERIPHERAL.a(ll.o)
                0x000041a8                ll_is_pkt_pending

i.ll_is_sent_pkt_pending
                0x000041d2       0x1a
 i.ll_is_sent_pkt_pending
                0x000041d2       0x1a C:\Program Files (x86)\Cypress\PSoC Creator\3.1\PSoC Creator\psoc\content\cycomponentlibrary\CyComponentLibrary.cylib\BLE_v1_20\Library\gccCyBLEStack_BLE_SOC_PERIPHERAL.a(ll.o)
                0x000041d2                ll_is_sent_pkt_pending

i.ll_isr_exit_low_power_mode
                0x000041ec       0x16
 i.ll_isr_exit_low_power_mode
                0x000041ec       0x16 C:\Program Files (x86)\Cypress\PSoC Creator\3.1\PSoC Creator\psoc\content\cycomponentlibrary\CyComponentLibrary.cylib\BLE_v1_20\Library\gccCyBLEStack_BLE_SOC_PERIPHERAL.a(ll.o)
                0x000041ec                ll_isr_exit_low_power_mode

i.ll_load_host_data_packet
                0x00004202       0x4a
 i.ll_load_host_data_packet
                0x00004202       0x4a C:\Program Files (x86)\Cypress\PSoC Creator\3.1\PSoC Creator\psoc\content\cycomponentlibrary\CyComponentLibrary.cylib\BLE_v1_20\Library\gccCyBLEStack_BLE_SOC_PERIPHERAL.a(ll.o)
                0x00004202                ll_load_host_data_packet

i.ll_load_packet_to_fifo
                0x0000424c       0x6e
 i.ll_load_packet_to_fifo
                0x0000424c       0x6e C:\Program Files (x86)\Cypress\PSoC Creator\3.1\PSoC Creator\psoc\content\cycomponentlibrary\CyComponentLibrary.cylib\BLE_v1_20\Library\gccCyBLEStack_BLE_SOC_PERIPHERAL.a(ll.o)
                0x0000424c                ll_load_packet_to_fifo

i.ll_process_acks
                0x000042ba       0x3c
 i.ll_process_acks
                0x000042ba       0x3c C:\Program Files (x86)\Cypress\PSoC Creator\3.1\PSoC Creator\psoc\content\cycomponentlibrary\CyComponentLibrary.cylib\BLE_v1_20\Library\gccCyBLEStack_BLE_SOC_PERIPHERAL.a(ll.o)
                0x000042ba                ll_process_acks

i.ll_reset      0x000042f6       0x12
 i.ll_reset     0x000042f6       0x12 C:\Program Files (x86)\Cypress\PSoC Creator\3.1\PSoC Creator\psoc\content\cycomponentlibrary\CyComponentLibrary.cylib\BLE_v1_20\Library\gccCyBLEStack_BLE_SOC_PERIPHERAL.a(ll.o)
                0x000042f6                ll_reset

i.ll_update_active_features
                0x00004308       0x58
 i.ll_update_active_features
                0x00004308       0x58 C:\Program Files (x86)\Cypress\PSoC Creator\3.1\PSoC Creator\psoc\content\cycomponentlibrary\CyComponentLibrary.cylib\BLE_v1_20\Library\gccCyBLEStack_BLE_SOC_PERIPHERAL.a(ll.o)
                0x00004308                ll_update_active_features

i.ll_update_device_fsm
                0x00004360        0x8
 i.ll_update_device_fsm
                0x00004360        0x8 C:\Program Files (x86)\Cypress\PSoC Creator\3.1\PSoC Creator\psoc\content\cycomponentlibrary\CyComponentLibrary.cylib\BLE_v1_20\Library\gccCyBLEStack_BLE_SOC_PERIPHERAL.a(ll.o)
                0x00004360                ll_update_device_fsm

i.pf_le_start_timer
                0x00004368       0x16
 i.pf_le_start_timer
                0x00004368       0x16 C:\Program Files (x86)\Cypress\PSoC Creator\3.1\PSoC Creator\psoc\content\cycomponentlibrary\CyComponentLibrary.cylib\BLE_v1_20\Library\gccCyBLEStack_BLE_SOC_PERIPHERAL.a(ll.o)
                0x00004368                pf_le_start_timer

i.pf_le_stop_timer
                0x0000437e       0x12
 i.pf_le_stop_timer
                0x0000437e       0x12 C:\Program Files (x86)\Cypress\PSoC Creator\3.1\PSoC Creator\psoc\content\cycomponentlibrary\CyComponentLibrary.cylib\BLE_v1_20\Library\gccCyBLEStack_BLE_SOC_PERIPHERAL.a(ll.o)
                0x0000437e                pf_le_stop_timer

i.CyBleControllerIP_TuneAdvEventInterPktSlots
                0x00004390       0x44
 i.CyBleControllerIP_TuneAdvEventInterPktSlots
                0x00004390       0x44 C:\Program Files (x86)\Cypress\PSoC Creator\3.1\PSoC Creator\psoc\content\cycomponentlibrary\CyComponentLibrary.cylib\BLE_v1_20\Library\gccCyBLEStack_BLE_SOC_PERIPHERAL.a(ll_advertiser.o)
                0x00004390                CyBleControllerIP_TuneAdvEventInterPktSlots

i.ll_adv_is_configured_connection_adv
                0x000043d4       0x1e
 i.ll_adv_is_configured_connection_adv
                0x000043d4       0x1e C:\Program Files (x86)\Cypress\PSoC Creator\3.1\PSoC Creator\psoc\content\cycomponentlibrary\CyComponentLibrary.cylib\BLE_v1_20\Library\gccCyBLEStack_BLE_SOC_PERIPHERAL.a(ll_advertiser.o)
                0x000043d4                ll_adv_is_configured_connection_adv

i.ll_check_random_address_in_use_by_advertiser
                0x000043f2       0x10
 i.ll_check_random_address_in_use_by_advertiser
                0x000043f2       0x10 C:\Program Files (x86)\Cypress\PSoC Creator\3.1\PSoC Creator\psoc\content\cycomponentlibrary\CyComponentLibrary.cylib\BLE_v1_20\Library\gccCyBLEStack_BLE_SOC_PERIPHERAL.a(ll_advertiser.o)
                0x000043f2                ll_check_random_address_in_use_by_advertiser

i.ll_check_whitelist_in_use_by_advertiser
                0x00004402       0x10
 i.ll_check_whitelist_in_use_by_advertiser
                0x00004402       0x10 C:\Program Files (x86)\Cypress\PSoC Creator\3.1\PSoC Creator\psoc\content\cycomponentlibrary\CyComponentLibrary.cylib\BLE_v1_20\Library\gccCyBLEStack_BLE_SOC_PERIPHERAL.a(ll_advertiser.o)
                0x00004402                ll_check_whitelist_in_use_by_advertiser

i.ll_get_adv_status
                0x00004412        0xc
 i.ll_get_adv_status
                0x00004412        0xc C:\Program Files (x86)\Cypress\PSoC Creator\3.1\PSoC Creator\psoc\content\cycomponentlibrary\CyComponentLibrary.cylib\BLE_v1_20\Library\gccCyBLEStack_BLE_SOC_PERIPHERAL.a(ll_advertiser.o)
                0x00004412                ll_get_adv_status

i.ll_get_adv_type
                0x0000441e       0x16
 i.ll_get_adv_type
                0x0000441e       0x16 C:\Program Files (x86)\Cypress\PSoC Creator\3.1\PSoC Creator\psoc\content\cycomponentlibrary\CyComponentLibrary.cylib\BLE_v1_20\Library\gccCyBLEStack_BLE_SOC_PERIPHERAL.a(ll_advertiser.o)
                0x0000441e                ll_get_adv_type

i.ll_handle_adv_intr
                0x00004434       0x50
 i.ll_handle_adv_intr
                0x00004434       0x50 C:\Program Files (x86)\Cypress\PSoC Creator\3.1\PSoC Creator\psoc\content\cycomponentlibrary\CyComponentLibrary.cylib\BLE_v1_20\Library\gccCyBLEStack_BLE_SOC_PERIPHERAL.a(ll_advertiser.o)
                0x00004434                ll_handle_adv_intr

i.ll_handle_set_adv_data
                0x00004484       0x14
 i.ll_handle_set_adv_data
                0x00004484       0x14 C:\Program Files (x86)\Cypress\PSoC Creator\3.1\PSoC Creator\psoc\content\cycomponentlibrary\CyComponentLibrary.cylib\BLE_v1_20\Library\gccCyBLEStack_BLE_SOC_PERIPHERAL.a(ll_advertiser.o)
                0x00004484                ll_handle_set_adv_data

i.ll_handle_set_adv_parameters
                0x00004498       0x84
 i.ll_handle_set_adv_parameters
                0x00004498       0x84 C:\Program Files (x86)\Cypress\PSoC Creator\3.1\PSoC Creator\psoc\content\cycomponentlibrary\CyComponentLibrary.cylib\BLE_v1_20\Library\gccCyBLEStack_BLE_SOC_PERIPHERAL.a(ll_advertiser.o)
                0x00004498                ll_handle_set_adv_parameters

i.ll_handle_set_advertise_enable
                0x0000451c       0x70
 i.ll_handle_set_advertise_enable
                0x0000451c       0x70 C:\Program Files (x86)\Cypress\PSoC Creator\3.1\PSoC Creator\psoc\content\cycomponentlibrary\CyComponentLibrary.cylib\BLE_v1_20\Library\gccCyBLEStack_BLE_SOC_PERIPHERAL.a(ll_advertiser.o)
                0x0000451c                ll_handle_set_advertise_enable

i.ll_handle_set_scan_resp_data
                0x0000458c       0x14
 i.ll_handle_set_scan_resp_data
                0x0000458c       0x14 C:\Program Files (x86)\Cypress\PSoC Creator\3.1\PSoC Creator\psoc\content\cycomponentlibrary\CyComponentLibrary.cylib\BLE_v1_20\Library\gccCyBLEStack_BLE_SOC_PERIPHERAL.a(ll_advertiser.o)
                0x0000458c                ll_handle_set_scan_resp_data

i.ll_init_advertiser
                0x000045a0       0x68
 i.ll_init_advertiser
                0x000045a0       0x68 C:\Program Files (x86)\Cypress\PSoC Creator\3.1\PSoC Creator\psoc\content\cycomponentlibrary\CyComponentLibrary.cylib\BLE_v1_20\Library\gccCyBLEStack_BLE_SOC_PERIPHERAL.a(ll_advertiser.o)
                0x000045a0                ll_init_advertiser

i.is_le_connection_handle
                0x00004608       0x28
 i.is_le_connection_handle
                0x00004608       0x28 C:\Program Files (x86)\Cypress\PSoC Creator\3.1\PSoC Creator\psoc\content\cycomponentlibrary\CyComponentLibrary.cylib\BLE_v1_20\Library\gccCyBLEStack_BLE_SOC_PERIPHERAL.a(ll_connection.o)
                0x00004608                is_le_connection_handle

i.le_assign_connection_handle
                0x00004630       0x28
 i.le_assign_connection_handle
                0x00004630       0x28 C:\Program Files (x86)\Cypress\PSoC Creator\3.1\PSoC Creator\psoc\content\cycomponentlibrary\CyComponentLibrary.cylib\BLE_v1_20\Library\gccCyBLEStack_BLE_SOC_PERIPHERAL.a(ll_connection.o)
                0x00004630                le_assign_connection_handle

i.le_get_connection_index
                0x00004658        0x6
 i.le_get_connection_index
                0x00004658        0x6 C:\Program Files (x86)\Cypress\PSoC Creator\3.1\PSoC Creator\psoc\content\cycomponentlibrary\CyComponentLibrary.cylib\BLE_v1_20\Library\gccCyBLEStack_BLE_SOC_PERIPHERAL.a(ll_connection.o)
                0x00004658                le_get_connection_index

i.ll_allocate_connection
                0x00004660       0x44
 i.ll_allocate_connection
                0x00004660       0x44 C:\Program Files (x86)\Cypress\PSoC Creator\3.1\PSoC Creator\psoc\content\cycomponentlibrary\CyComponentLibrary.cylib\BLE_v1_20\Library\gccCyBLEStack_BLE_SOC_PERIPHERAL.a(ll_connection.o)
                0x00004660                ll_allocate_connection

i.ll_calculate_and_program_def_win_widen_drift
                0x000046a4       0x14
 i.ll_calculate_and_program_def_win_widen_drift
                0x000046a4       0x14 C:\Program Files (x86)\Cypress\PSoC Creator\3.1\PSoC Creator\psoc\content\cycomponentlibrary\CyComponentLibrary.cylib\BLE_v1_20\Library\gccCyBLEStack_BLE_SOC_PERIPHERAL.a(ll_connection.o)
                0x000046a4                ll_calculate_and_program_def_win_widen_drift

i.ll_calculate_drift
                0x000046b8       0x2c
 i.ll_calculate_drift
                0x000046b8       0x2c C:\Program Files (x86)\Cypress\PSoC Creator\3.1\PSoC Creator\psoc\content\cycomponentlibrary\CyComponentLibrary.cylib\BLE_v1_20\Library\gccCyBLEStack_BLE_SOC_PERIPHERAL.a(ll_connection.o)
                0x000046b8                ll_calculate_drift

i.ll_check_and_decrypt_ll_pdu
                0x000046e4       0x68
 i.ll_check_and_decrypt_ll_pdu
                0x000046e4       0x68 C:\Program Files (x86)\Cypress\PSoC Creator\3.1\PSoC Creator\psoc\content\cycomponentlibrary\CyComponentLibrary.cylib\BLE_v1_20\Library\gccCyBLEStack_BLE_SOC_PERIPHERAL.a(ll_connection.o)
                0x000046e4                ll_check_and_decrypt_ll_pdu

i.ll_check_and_decrypt_packet
                0x0000474c       0x6a
 i.ll_check_and_decrypt_packet
                0x0000474c       0x6a C:\Program Files (x86)\Cypress\PSoC Creator\3.1\PSoC Creator\psoc\content\cycomponentlibrary\CyComponentLibrary.cylib\BLE_v1_20\Library\gccCyBLEStack_BLE_SOC_PERIPHERAL.a(ll_connection.o)
                0x0000474c                ll_check_and_decrypt_packet

i.ll_check_and_encrypt_ll_pdu
                0x000047b6       0x72
 i.ll_check_and_encrypt_ll_pdu
                0x000047b6       0x72 C:\Program Files (x86)\Cypress\PSoC Creator\3.1\PSoC Creator\psoc\content\cycomponentlibrary\CyComponentLibrary.cylib\BLE_v1_20\Library\gccCyBLEStack_BLE_SOC_PERIPHERAL.a(ll_connection.o)
                0x000047b6                ll_check_and_encrypt_ll_pdu

i.ll_check_and_encrypt_packet
                0x00004828       0x8a
 i.ll_check_and_encrypt_packet
                0x00004828       0x8a C:\Program Files (x86)\Cypress\PSoC Creator\3.1\PSoC Creator\psoc\content\cycomponentlibrary\CyComponentLibrary.cylib\BLE_v1_20\Library\gccCyBLEStack_BLE_SOC_PERIPHERAL.a(ll_connection.o)
                0x00004828                ll_check_and_encrypt_packet

i.ll_check_for_allowing_incoming_connection_update
                0x000048b2       0x42
 i.ll_check_for_allowing_incoming_connection_update
                0x000048b2       0x42 C:\Program Files (x86)\Cypress\PSoC Creator\3.1\PSoC Creator\psoc\content\cycomponentlibrary\CyComponentLibrary.cylib\BLE_v1_20\Library\gccCyBLEStack_BLE_SOC_PERIPHERAL.a(ll_connection.o)
                0x000048b2                ll_check_for_allowing_incoming_connection_update

i.ll_check_if_pdu_is_loaded_to_hardware
                0x000048f4       0x1c
 i.ll_check_if_pdu_is_loaded_to_hardware
                0x000048f4       0x1c C:\Program Files (x86)\Cypress\PSoC Creator\3.1\PSoC Creator\psoc\content\cycomponentlibrary\CyComponentLibrary.cylib\BLE_v1_20\Library\gccCyBLEStack_BLE_SOC_PERIPHERAL.a(ll_connection.o)
                0x000048f4                ll_check_if_pdu_is_loaded_to_hardware

i.ll_check_random_address_in_use_by_initiator
                0x00004910       0x30
 i.ll_check_random_address_in_use_by_initiator
                0x00004910       0x30 C:\Program Files (x86)\Cypress\PSoC Creator\3.1\PSoC Creator\psoc\content\cycomponentlibrary\CyComponentLibrary.cylib\BLE_v1_20\Library\gccCyBLEStack_BLE_SOC_PERIPHERAL.a(ll_connection.o)
                0x00004910                ll_check_random_address_in_use_by_initiator

i.ll_check_white_list_in_use_by_initiator
                0x00004940       0x30
 i.ll_check_white_list_in_use_by_initiator
                0x00004940       0x30 C:\Program Files (x86)\Cypress\PSoC Creator\3.1\PSoC Creator\psoc\content\cycomponentlibrary\CyComponentLibrary.cylib\BLE_v1_20\Library\gccCyBLEStack_BLE_SOC_PERIPHERAL.a(ll_connection.o)
                0x00004940                ll_check_white_list_in_use_by_initiator

i.ll_conn_free_enc_txn_buffer
                0x00004970       0x16
 i.ll_conn_free_enc_txn_buffer
                0x00004970       0x16 C:\Program Files (x86)\Cypress\PSoC Creator\3.1\PSoC Creator\psoc\content\cycomponentlibrary\CyComponentLibrary.cylib\BLE_v1_20\Library\gccCyBLEStack_BLE_SOC_PERIPHERAL.a(ll_connection.o)
                0x00004970                ll_conn_free_enc_txn_buffer

i.ll_conn_fsm_update_channel_state
                0x00004986        0x6
 i.ll_conn_fsm_update_channel_state
                0x00004986        0x6 C:\Program Files (x86)\Cypress\PSoC Creator\3.1\PSoC Creator\psoc\content\cycomponentlibrary\CyComponentLibrary.cylib\BLE_v1_20\Library\gccCyBLEStack_BLE_SOC_PERIPHERAL.a(ll_connection.o)
                0x00004986                ll_conn_fsm_update_channel_state

i.ll_conn_fsm_update_conn_update_state
                0x0000498c        0x6
 i.ll_conn_fsm_update_conn_update_state
                0x0000498c        0x6 C:\Program Files (x86)\Cypress\PSoC Creator\3.1\PSoC Creator\psoc\content\cycomponentlibrary\CyComponentLibrary.cylib\BLE_v1_20\Library\gccCyBLEStack_BLE_SOC_PERIPHERAL.a(ll_connection.o)
                0x0000498c                ll_conn_fsm_update_conn_update_state

i.ll_conn_fsm_update_enc_state
                0x00004992        0x6
 i.ll_conn_fsm_update_enc_state